[    0.000000] Initializing cgroup subsys cpuset
[    0.000000] Initializig cgroup subsys cpu
[    0.000000] Initializing cgroup subsys cpuacct
[    0.000000] Linux version 4.4.0-134-generic (buildd@lgw01-amd64-033) (gcc version 5.4.0 20160609 (Ubuntu 5.4.0-6ubuntu1~16.04.10) ) #160-Ubuntu SMP Wed Aug 15 14:58:00 UTC 2018 (Ubuntu 4.4.0-134.160-generic 4.4.140)
[    0.000000] Command line: BOOT_IMAGE=/boot/vmlinuz-4.4.0-134-generic root=LABEL=cloudimg-rootfs ro console=tty1 console=ttyS0
[    0.000000] KERNEL supported cpus:
[    0.000000]   Intel GenuineIntel
[    0.000000]   AMD AuthenticAMD
[    0.000000]   Centaur CentaurHauls
[    0.000000] x86/fpu: xstate_offset[2]:  57, xstate_sizes[2]:  256
[    0.000000] x86/fpu Supporting XSAVE feature 0x01: 'x87 floating point registers'
[    0.000000] x86/fpu: Supporting XSAVE feature 0x02: 'SSE registers'
[    0.000000] x86/fpu: Supporting XSAVE feature 0x04: 'AVX registers'
[    0.000000] x86/fpu: Enabled xstate features 0x7, context size is 832 bytes, using 'standard' format.
[    0.000000] e820: BIOS-provided physical RAM map:
[    0.000000] BIOS-e820: [mem 0x0000000000000000-0x000000000009fbff] usable
[    0.000000] BIOS-e820: [mem 0x000000000009fc00-0x000000000009ffff] reserved
[    0.000000] BIOS-e820: [mem 0x00000000000f0000-0x00000000000fffff] reserved
[    0.000000] BIOS-e820: [mem 0x0000000000100000-0x000000007ffeffff] usable
[    0.000000] BIOS-e820: [mem 0x000000007fff0000-0x000000007fffffff] ACPI data
[    0.000000] BIOS-e820: [mem 0x00000000fec00000-0x00000000fec00fff] reserved
[    0.000000] BIOS-e820: [mem 0x00000000fee00000-0x00000000fee00fff] reserved
[    0.000000] BIOS-e820: [mem 0x00000000fffc0000-0x00000000ffffffff] reserved
[    0.000000] NX (Execute Disable) protection: active
[    0.000000] SMBIOS 2.5 present.
[    0.000000] Hypervisor detected: KVM
[    0.000000] e820: last_pfn = 0x7fff0 max_arch_pfn = 0x400000000
[    0.000000] MTRR: Disabled
[    0.000000] x86/PAT: MTRRs disabled, skipping PAT initialization too.
[    0.000000] CPU MTRRs all blank - virtualized system.
[    0.000000] x86/PAT: Configuration [0-7]: WB  WT  UC- UC  WB  WT  UC- UC  
[    0.000000] found SMP MP-table at [mem 0x0009fff0-0x0009ffff] mapped at [ffff88000009fff0]
[    0.000000] Scanning 1 areas for low memory corruption
[    0.000000] RAMDISK: [mem 0x3630c000-0x3717dfff]
[    0.000000] ACPI: Early table checksum verification disabled
[    0.000000] ACPI: RSDP 0x00000000000E0000 000024 (v02 VBOX  )
[    0.000000] ACPI: XSDT 0x000000007FFF0030 00003C (v01 VBOX   VBOXXSDT 00000001 ASL  00000061)
[    0.000000] ACPI: FACP 0x000000007FFF00F0 0000F4 (v04 VBOX   VBOXFACP 00000001 ASL  00000061)
[    0.000000] ACPI: DSDT 0x000000007FFF0470 0021FF (v02 VBOX   VBOXBIOS 00000002 INTL 20160831)
[    0.000000] ACPI: FACS 0x000000007FFF0200 000040
[    0.000000] ACPI: FACS 0x000000007FFF0200 000040
[    0.000000] ACPI: APIC 0x000000007FFF0240 00005C (v02 VBOX   VBOXAPIC 00000001 ASL  00000061)
[    0.000000] ACPI: SSDT 0x000000007FFF02A0 0001CC (v01 VBOX   VBOXCPUT 00000002 INTL 20160831)
[    0.000000] No NUMA configuration found
[    0.000000] Faking a node at [mem 0x0000000000000000-0x000000007ffeffff]
[    0.000000] NODE_DATA(0) allocated [mem 0x7ffeb000-0x7ffeffff]
[    0.000000] kvm-clock: Using msrs 4b564d01 and 4b564d00
[    0.000000] kvm-clock: cpu 0, msr 0:7ffe3001, primary cpu clock
[    0.000000] kvm-clock: using sched offset of 4552075685 cycles
[    0.000000] clocksource: kvm-clock: mask: 0xffffffffffffffff max_cycles: 0x1cd42e4dffb, max_idle_ns: 881590591483 ns
[    0.000000] Zone ranges:
[    0.000000]   DMA     [mem 0x0000000000001000-0x0000000000ffffff]
[    0.000000]   DMA32    [mem 0x0000000001000000-0x000000007ffeffff]
[    0.000000]   Normal   empty
[    0.000000]   Device   empty
[    0.000000] Movable zone start for each node
[    0.000000] Early memory node ranges
[    0.000000]   node   0: [mem 0x0000000000001000-0x000000000009efff]
[    0.000000]   node   0: [mem 0x0000000000100000-0x000000007ffeffff]
[    0.000000] Initmem setup node 0 [mem 0x0000000000001000-0x000000007ffeffff]
[    0.000000] ACPI: PM-Timer IO Port: 0x4008
[    0.000000] IOAPIC[0]: apic_id 2, version 32, address 0xfec00000, GSI 0-23
[    0.000000] ACPI: INT_SRC_OVR (bus 0 bus_irq 0 global_irq 2 dfl dfl)
[    0.000000] ACPI: INT_SRC_OVR (bus 0 bus_irq 9 global_irq 9 low level)
[    0.000000] Using ACPI (MADT) for SMP configuration information
[    0.000000] smpboot: Allowing 2 CPUs, 0 hotplug CPUs
[    0.000000] PM: Registered nosave memory: [mem 0x00000000-0x00000fff]
[    0.000000] PM: Registered nosave memory: [mem 0x0009f000-0x0009ffff]
[    0.000000] PM: Registered nosave memory: [mem 0x000a0000-0x000effff]
[    0.000000] PM: Registered nosave memory: [mem 0x000f0000-0x000fffff]
[    0.000000] e820: [mem 0x80000000-0xfebfffff] available for PCI devices
[    0.000000] Booting paravirtualized kernel on KVM
[    0.000000] clocksource: refined-jiffies: mask: 0xffffffff max_cycles: 0xffffffff, max_idle_ns: 7645519600211568 ns
[    0.000000] setup_percpu: NR_CPUS:512 nr_cpumask_bits:512 nr_cpu_ids:2 nr_node_ids:1
[    0.000000] PERCPU: Embedded 34 pages/cpu @ffff88007fc00000 s99544 r8192 d31528 u1048576
[    0.000000] PV qspinlock hash table entries: 256 (order: 0, 4096 bytes)
[    0.000000] Built 1 zonelists in Node order, mobility grouping on.  Total pages: 515960
[    0.000000] Policy zone: DMA32
[    0.000000] Kernel command line: BOOT_IMAGE=/boot/vmlinuz-4.4.0-134-generic root=LABEL=cloudimg-rootfs ro console=tty1 console=ttyS0
[    0.000000] PID hash table entries: 4096 (order: 3, 32768 bytes)
[    0.000000] Memory: 2029916K/2096696K available (8554K kernel code, 1314K rwdata, 4004K rodata, 1516K init, 1316K bss, 66780K reserved, 0K cma-reserved)
[    0.000000] SLUB: HWalign=64, Order=0-3, MinObjects=0, CPUs=2, Nodes=1
[    0.000000] Kernel/User page tables isolation: enabled
[    0.000000] Hierarchical RCU implementation.
[    0.000000] 	Build-time adjustment of leaf fanout to 64.
[    0.000000] 	RCU restricting CPUs from NR_CPUS=512 to nr_cpu_ids=2.
[    0.000000] RCU: Adjusting geometry for rcu_fanout_leaf=64, nr_cpu_ids=2
[    0.000000] NR_IRQS:33024 nr_irqs:440 16
[    0.000000] Console: colour VGA+ 80x25
[    0.000000] console [tty1] enabled
[    0.000000] console [ttyS0] enabled
[    0.000000] tsc: Detected 2394.558 MHz processor
[    1.621674] Calibrating delay loop (skipped) preset value.. 4789.11 BogoMIPS (lpj=9578232)
[    1.625673] pid_max: default: 32768 minimum: 301
[    1.627833] ACPI: Core revision 20150930
[    1.632130] ACPI: 2 ACPI AML tables successfully acquired and loaded
[    1.635229] Security Framework initialized
[    1.637186] Yama: becoming mindful.
[    1.639080] AppArmor: AppArmor initialized
[    1.642307] Dentry cache hash table entries: 262144 (order: 9, 2097152 bytes)
[    1.646340] Inode-cache hash table entries: 131072 (order: 8, 1048576 bytes)
[    1.650977] Mount-cache hash table entries: 4096 (order: 3, 32768 bytes)
[    1.657510] Mountpoint-cache hash table entries: 4096 (order: 3, 32768 bytes)
[    1.660860] Initializing cgroup subsys io
[    1.662852] Initializing cgroup subsys memory
[    1.664890] Initializing cgroup subsys devices
[    1.666985] Initializing cgroup subsys freezer
[    1.669038] Initializing cgroup subsys net_cls
[    1.671151] Initializing cgroup subsys perf_event
[    1.673305] Initializing cgroup subsys net_prio
[    1.675424] Initializing cgroup subsys hugetlb
[    1.677491] Initializing cgroup subsys pids
[    1.680534] mce: CPU supports 0 MCE banks
[    1.682499] Last level iTLB entries: 4KB 512, 2MB 8, 4MB 8
[    1.684978] Last level dTLB entries: 4KB 512, 2MB 32, 4MB 32, 1GB 0
[    1.687651] Spectre V2 : Mitigation: Full generic retpoline
[    1.690069] Spectre V2 : Speculation control IBPB not-supported IBRS not-supported
[    1.694232] Speculative Store Bypass: Vulnerable
[    1.703770] Freeing SMP alternatives memory: 32K
[    1.727130] ftrace: allocating 32266 entries in 127 pages
[    1.870054] smpboot: APIC(0) Converting physical 0 to logical package 0
[    1.885600] smpboot: Max logical packages: 1
[    1.889353] x2apic enabled
[    1.900267] Switched APIC routing to physical x2apic.
[    1.905159] ..TIMER: vector=0x30 apic1=0 pin1=2 apic2=-1 pin2=-1
[    2.015094] smpboot: CPU0: Intel(R) Core(TM) i7-3630QM CPU @ 2.40GHz (family: 0x6, model: 0x3a, stepping: 0x9)
[    2.175657] Performance Events: unsupported p6 CPU model 58 no PMU driver, software events only.
[    2.191743] KVM setup paravirtual spinlock
[    2.208811] x86: Booting SMP configuration:
[    2.213104] .... node  #0, CPUs:      #1
[    2.227824] kvm-clock: cpu 1, msr 0:7ffe3041, secondary cpu clock
[    2.241737] mce: CPU supports 0 MCE banks
[    2.259500] x86: Booted up 1 node, 2 CPUs
[    2.265313] smpboot: Total of 2 processors activated (9578.23 BogoMIPS)
[    2.291976] devtmpfs: initialized
[    2.313801] evm: security.selinux
[    2.321190] evm: security.SMACK64
[    2.322984] evm: security.SMACK64EXEC
[    2.324778] evm: security.SMACK64TRANSMUTE
[    2.370327] evm: security.SMACK64MMAP
[    2.477988] evm: security.ima
[    2.565235] evm: security.capability
[    2.672318] clocksource: jiffies: mask: 0xffffffff max_cycles: 0xffffffff, max_idle_ns: 7645041785100000 ns
[    2.750552] futex hash table entries: 512 (order: 3, 32768 bytes)
[    2.753538] pinctrl core: initialized pinctrl subsystem
[    2.756203] RTC time:  5:01:13, date: 04/02/20
[    2.758748] NET: Registered protocol family 16
[    2.771014] cpuidle: using governor ladder
[    2.782960] cpuidle: using governor menu
[    2.825871] PCCT header not found.
[    2.827777] ACPI: bus type PCI registered
[    2.829694] acpiphp: ACPI Hot Plug PCI Controller Driver version: 0.5
[    2.832697] PCI: Using configuration type 1 for base access
[    2.848410] ACPI: Added _OSI(Module Device)
[    2.875235] ACPI: Added _OSI(Processor Device)
[    2.884825] ACPI: Added _OSI(3.0 _SCP Extensions)
[    2.888536] ACPI: Added _OSI(Processor Aggregator Device)
[    2.903495] ACPI: Executed 1 blocks of module-level executable AML code
[    2.926164] ACPI: Interpreter enabled
[    2.930383] ACPI: (supports S0 S5)
[    2.933273] ACPI: Using IOAPIC for interrupt routing
[    2.936994] PCI: Using host bridge windows from ACPI; if necessary, use "pci=nocrs" and report a bug
[    2.951335] ACPI: PCI Root Bridge [PCI0] (domain 0000 [bus 00-ff])
[    2.970079] acpi PNP0A03:00: _OSC: OS supports [ASPM ClockPM Segments MSI]
[    2.974101] acpi PNP0A03:00: _OSC: not requesting OS control; OS requires [ExtendedConfig ASPM ClockPM MSI]
[    2.982236] acpi PNP0A03:00: fail to add MMCONFIG information, can't access extended PCI configuration space under this bridge.
[    2.988863] PCI host bridge to bus 0000:00
[    2.997767] pci_bus 0000:00: root bus resource [io  0x0000-0x0cf7 window]
[    3.000645] pci_bus 0000:00: root bus resource [io  0x0d00-0xffff window]
[    3.003482] pci_bus 0000:00: root bus resource [mem 0x000a0000-0x000bffff window]
[    3.011897] pci_bus 0000:00: root bus resource [mem 0x80000000-0xfdffffff window]
[    3.028490] pci_bus 0000:00: root bus resource [bus 00-ff]
[    3.034652] pci 0000:00:01.1: legacy IDE quirk: reg 0x10: [io  0x01f0-0x01f7]
[    3.038819] pci 0000:00:01.1: legacy IDE quirk: reg 0x14: [io  0x03f6]
[    3.042680] pci 0000:00:01.1: legacy IDE quirk: reg 0x18: [io  0x0170-0x0177]
[    3.045705] pci 0000:00:01.1: legacy IDE quirk: reg 0x1c: [io  0x0376]
[    3.099594] pci 0000:00:07.0: quirk: [io  0x4000-0x403f] claimed by PIIX4 ACPI
[    3.304557] pci 0000:00:07.0: quirk: [io  0x4100-0x410f] claimed by PIIX4 SMB
[    3.403661] ACPI: PCI Interrupt Link [LNKA] (IRQs 5 9 10 *11)
[    3.462434] ACPI: PCI Interrupt Link [LNKB] (IRQs 5 9 *10 11)
[    3.473522] ACPI: PCI Interrupt Link [LNKC] (IRQs 5 *9 10 11)
[    3.481588] ACPI: PCI Interrupt Link [LNKD] (IRQs 5 9 10 *11)
[    3.492148] ACPI: Enabled 2 GPEs in block 00 to 07
[    3.498807] vgaarb: setting as boot device: PCI:0000:00:02.0
[    3.508824] vgaarb: device added: PCI:0000:00:02.0,decodes=io+mem,owns=io+mem,locks=none
[    3.521696] vgaarb: loaded
[    3.523701] vgaarb: bridge control possible 0000:00:02.0
[    3.527732] SCSI subsystem initialized
[    3.540200] ACPI: bus type USB registered
[    3.542183] usbcore: registered new interface driver usbfs
[    3.544700] usbcore: registered new interface driver hub
[    3.547948] usbcore: registered new device driver usb
[    3.553529] PCI: Using ACPI for IRQ routing
[    3.606049] NetLabel: Initializing
[    3.607842] NetLabel:  domain hash size = 128
[    3.609861] NetLabel:  protocols = UNLABELED CIPSOv4
[    3.612181] NetLabel:  unlabeled traffic allowed by default
[    3.615155] amd_nb: Cannot enumerate AMD northbridges
[    3.619188] clocksource: Switched to clocksource kvm-clock
[    3.637671] Aprm: ppmoFisyemnaled
[  45002 pnp: PnP ACPI init
[    .740] p:nPCP fnd3 devices
[    5.489639] clocksource: acpi_pm: mask: 0xffffff max_cycles: 0xffffff, max_idle_ns: 2085701024 ns
[    5.583845] NET: Registered protocol family 2
[    5.586994] TCP established hash table entries: 16384 (order: 5, 131072 bytes)
[    5.591788] TCP bind hash table entries: 16384 (order: 6, 262144 bytes)
[    5.595635] TCP: Hash tables configured (established 16384 bind 16384)
[    5.599567] UDP hash table entries: 1024 (order: 3, 32768 bytes)
[    5.603090] UDP-Lite hash table entries: 1024 (order: 3, 32768 bytes)
[    5.607025] NET: Registered protocol family 1
[    5.609845] pci 0000:00:00.0: Limiting direct PCI/PCI transfers
[    5.613424] pci 0000:00:01.0: Activating ISA DMA hang workarounds
[    5.617308] Unpacking initramfs...
[    6.170626] Freeing initrd memory: 14792K
[    6.191041] RAPL PMU detected, API unit is 2^-32 Joules, 3 fixed counters 10737418240 ms ovfl timer
[    6.200376] hw unit of domain pp0-core 2^-0 Joules
[    6.203324] hw unit of domain package 2^-0 Joules
[    6.206242] hw unit of domain pp1-gpu 2^-0 Joules
[    6.213335] platform rtc_cmos: registered platform RTC device (no PNP device found)
[    6.219593] Scanning for low memory corruption every 60 seconds
[    6.224130] audit: initializing netlink subsys (disabled)
[    6.227431] audit: type=2000 audit(1585803680.252:1): initialized
[    6.231790] Initialise system trusted keyring
[    6.235205] HugeTLB registered 2 MB page size, pre-allocated 0 pages
[    6.242555] zbud: loaded
[   6.262784] VFS: Disk quotas dquot_6.6.0
[    6.333206] VFS: Dquot-cache hash table entries: 512 (order 0, 4096 bytes)
[    6.337878] squashfs: version 4. (009/01/31) Phillip Lougher
[    6.517] usin (I rson7.23)
[    7.211591] tsc: Refined TSC clocksource calibration: 2395.175 MHz
[    7.211597] clocksource: tsc: mask: 0xffffffffffffffff max_cycles: 0x228669852b5, max_idle_ns: 440795302772 ns
[    7.511739] Key type big_key registered
[    7.517121] Allocating IMA MOK and blacklist keyrings.
[    7.523085] Key type asymmetric registered
[    7.526180] Asymmetric key parser 'x509' registered
[    7.553634] Block layer SCSI generic (bsg) driver version 0.4 loaded (major 249)
[    7.558482] io scheduler noop registered
[    7.565791] io scheduler deadline registered (default)
[    7.584380] io scheduler cfq registered
[    7.720772] pci_hotplug: PCI Hot Plug PCI Core version: 0.5
[    7.760623] pciehp: PCI Express Hot Plug Controller Driver version: 0.4
[    7.789675] ACPI: AC Adapter [AC] (on-line)
[    7.792537] input: Power Button as /devices/LNXSYSTM:00/LNXPWRBN:00/input/input0
[    7.798702] ACPI: Power Button [PWRF]
[    7.801447] input: Sleep Button as /devics/NXYSTM:00/LNXSLPBN:00/input/input1
[    7.940154] ACPI: Sleep Button [SLPF]

[    7.944824] ACPI: Battery Slot [BAT0] (battery present)
[    7.948102] GHES: HEST is not enabled!
[    7.950776] Serial: 8250/16550 driver, 32 ports, IRQ sharing enabled
[   .979379] 00:02: ttyS0 at I/O 0x3f8 (irq = 4, base_baud = 115200) is a 16550A

[    8.076915] Linux agpgart interface v0.103
[   8.087329] loop: module loaded

[    8.137361] scsi host0: ata_piix
[    8.192712] scsi host1: ata_piix
[    8.195935] ata1: PATA max UDMA/33 cmd 0x1f0 ctl 0x3f6 bmdma 0xd000 irq 14
[    8.200608] ata2: PATA max UDMA/33 cmd 0x170 ctl 0x376 bmdma 0xd008 irq 15
[    8.247702] libphy: Fixed MDIO Bus: probed
[    8.253276] tun: Universal TUN/TAP device driver, 1.6
[    8.260220] tun: (C) 1999-2004 Max Krasnyansky <maxk@qualcomm.com>
[    8.267294] PPP generic driver version 2.4.2
[    8.275322] ehci_hcd: USB 2.0 'Enhanced' Host Controller (EHCI) Driver
[    8.281397] ehci-pci: EHCI PCI platform driver
[    8.286016] ehci-platform: EHCI generic platform driver
[    8.300023] ohci_hcd: USB 1.1 'Open' Host Controller (OHCI) Driver
[    8.329465] ohci-pci: OHCI PCI platform driver
[    8.348835] ohci-platform: OHCI generic platform driver
[   8.353151] uhci_hcd: USB UnivesaHo Cntroller Interface driver
[    8.791149] i8042: PNP: PS/2 Controller [PNP0303:PS2K,PNP0f03:PS2M] at 0x60,0x64 irq 1,12
[   8039seo: i8042 KBD port at 0x60,0x64 irq 1
[    9.249977] serio: i8042 AUX port at 0x60,0x64 irq 12
[    9.227] mousedev: PS/2 mouse device common for all mice
[    9.442121] input: AT Translated Set 2 keyboard as /devices/platform/i8042/serio0/input/input2
[    9.472979] rtc_cmos rtc_cmos: rtc core: registered rtc_cmos as rtc0
[    9.501244] rtc_cmos rtc_cmos: alarms up to one day, 114 bytes nvram
[    9.511351] i2c /dev entries driver
[    9.513527] device-mapper: uevent: version 1.0.3
[    9.529857] device-mapper: ioctl: 4.34.0-ioctl (2015-10-28) initialised: dm-devel@redhat.com
[    9.582945] ledtrig-cpu: registered to indicate activity on CPUs
[    9.633675] NET: Registered protocol family 10
[    9.755420] NET: Registered protocol family 17
[    9.892928] Key type dns_resolver registered
[   10.019639] registered taskstats version 1
[   10.089778] Loading compiled-in X.509 certificates
[   10.096416] Loaded X.509 cert 'Build time autogenerated kernel key: 4eb3d024ac16f76c1747ffd474694c84db21038b'
[   10.130675] zswap: loaded using pool lzo/zbud
[   10.169784] Key type trusted registered
[   10.198927] Key type encrypted registered
[   10.202008] AppArmor: AppArmor sha1 policy hashing enabled
[   10.205628] ima: No TPM chip found, activating TPM-bypass!
[   10.209252] ima: Allocated hash algorithm: sha1
[   10.223728] evm: HMAC attrs: 0x1
[   10.238501]   Magic number: 0:625:10
[   10.241677] rtc_cmos rtc_cmos: settig stm clock to 2020-04-02 05:01:20 UTC (1585803680)
[   10.442334] BIOS EDD facility v0.16 2004-Jun-25, 0 devices found
[   10.445988] EDD information not available.
[   10.622994] Freeing unused kernel memory: 1516K
[   10.658524] Write protecting the kernel read-only data: 14336k
[   10.801912] Freeing unused kernel memory: 1672K
[   11.505114] Freeing unused kernel memory: 92K
Loading, please wait...
starting version[   12.018595] random: systemd-udevd: uninitialized urandom read (16 bytes read, 5 bits of entropy available)
 229
[   12.020538] random: udevadm: uninitialized urandom read (16 bytes read, 5 bits of entropy available)
[   12.020600] random: udevadm: uninitialized urandom read (16 bytes read, 5 bits of entropy available)
[   12.045738] random: udevadm: uninitialized urandom read (16 bytes read, 5 bits of entropy available)
[   12.045852] random: udevadm: uninitialized urandom read (16 bytes read, 5 bits of entropy available)
[   12.046242] random: udevadm: uninitialized urandom read (16 bytes read, 5 bits of entropy available)
[   12.046395] random: udevadm: uninitialized urandom read (16 bytes read, 5 bits of entropy available)
[   12.046571] random: udevadm: uninitialized urandom read (16 bytes read, 5 bits of entropy available)
[   12.046731] random: udevadm: uninitialized urandom read (16 bytes read, 5 bits of entropy available)
[   12.046884] random: udevadm: uninitialized urandom read (16 bytes read, 5 bits of entropy available)
[   12.556487] Fusion MPT base driver 3.04.20
[   12.561055] Copyright (c) 1999-2008 LSI Corporation
[   12.566764] e1000: Intel(R) PRO/1000 Network Driver - version 7.3.21-k8-NAPI
[   12.574773] e1000: Copyright (c) 1999-2006 Intel Corporation.
[   12.667661] Fusion MPT SPI Host driver 3.04.20
[   12.794241] AVX version of gcm_enc/dec engaged.
[   12.797519] AES CTR mode by8 optimization enabled
[   12.817962] input: ImExPS/2 Generic Explorer Mouse as /devices/platform/i8042/serio1/input/input4
[   13.206255] e1000 0000:00:03.0 eth0: (PCI:33MHz:32-bit) 02:93:23:4d:82:b3
[   13.222535] e1000 0000:00:03.0 eth0: Intel(R) PRO/1000 Network Connection
[   13.242387] mptbase: ioc0: Initiating bringup
[   13.244123] e1000 0000:00:03.0 enp0s3: renamed from eth0
[   13.359005] ioc0: LSI53C1030 A0: Capabilities={Initiator}
[   14.501824] scsi host2: ioc0: LSI53C1030 A0, FwRev=00000000h, Ports=1, MaxQ=256, IRQ=20
[   14.829451] scsi 2:0:0:0: Direct-Access     VBOX     HARDDISK         1.0  PQ: 0 ANSI: 5
[   14.905310] scsi target2:0:0: Beginning Domain Validation
[   14.913231] scsi target2:0:0: Domain Validation skipping write tests
[   14.941078] scsi target2:0:0: Ending Domain Validation
[   14.950768] scsi target2:0:0: asynchronous
[   15.071872] scsi 2:0:1:0: Direct-Access     VBOX     HARDDISK         1.0  PQ: 0 ANSI: 5
[   15.168089] scsi target2:0:1: Beginning Domain Validation
[   15.425090] scsi target2:0:1: Domain Validation skipping write tests
[   15.550275] scsi target2:0:1: Ending Domain Validation
[   15.553136] scsi target2:0:1: asynchronous
[   15.599815] sd 2:0:0:0: [sda] 20971520 512-byte logical blocks: (10.7 GB/10.0 GiB)
[   15.600029] sd 2:0:0:0: Attached scsi generic sg0 type 0
[   15.601419] sd 2:0:1:0: Attached scsi generic sg1 type 0
[   15.748479] sd 2:0:1:0: [sdb] 20480 512-byte logical blocks: (10.5 MB/10.0 MiB)
[   15.748865] sd 2:0:0:0: [sda] Write Protect is off
[   15.749144] sd 2:0:0:0: [sda] Incomplete mode parameter data
[   15.749148] sd 2:0:0:0: [sda] Assuming drive cache: write through
[   15.760919] sd 2:0:1:0: [sdb] Write Protect is off
[   15.763577] sd 2:0:1:0: [sdb] Incomplete mode parameter data
[   15.766014] sd 2:0:1:0: [sdb] Assuming drive cache: write through
[   15.776795]  sda: sda1
[   15.780416] sd 2:0:0:0: [sda] Attached SCSI disk
[   15.795407] sd 2:0:1:0: [sdb] Attached SCSI disk
Begin: Loading e[   17.740014] md: linear personality registered for level -1
ssential drivers ... [   17.757383] md: multipath personality registered for level -4
[   17.786801] md: raid0 personality registered for level 0
[   17.828113] md: raid1 personality registered for level 1
[   17.923319] raid6: sse2x1   gen()  1837 MB/s
[   17.995288] raid6: sse2x1   xor()  1937 MB/s
[   18.075284] raid6: sse2x2   gen()  4001 MB/s
[   18.183283] raid6: sse2x2   xor()  2813 MB/s
[   18.299278] raid6: sse2x4   gen()  4676 MB/s
[   18.403280] raid6: sse2x4   xor()  3424 MB/s
[   18.528239] raid6: using algorithm sse2x4 gen() 4676 MB/s
[   18.659850] raid6: .... xor() 3424 MB/s, rmw enabled
[   18.748681] raid6: using ssse3x2 recovery algorithm
[   18.753803] xor: automatically using best checksumming function:
[   18.798516]    avx       :  9831.000 MB/sec
[   18.880217] async_tx: api initialized (async)
[   19.137009] md: raid6 personality registered for level 6
[   19.150924] md: raid5 personality registered for level 5
[   19.153546] md: raid4 personality registered for level 4
[   19.189439] md: raid10 personality registered for level 10
done.
Begin: Running /scripts/init-premount ... done.
Begin: Mounting root file system ... Begin: Running /scripts/local-top ... done.
Begin: [   19.284980] Btrfs loaded
Running /scripts/local-premount ... Scanning for Btrfs filesystems
done.
Warning: fsck not present, so skipping root file system
[   19.403470] EXT4-fs (sda1): mounted filesystem with ordered data mode. Opts: (null)
done.
Begin: Running /scripts/local-bottom ... done.
Begin: Running /scripts/init-bottom ... done.
[   20.351839] systemd[1]: systemd 229 running in system mode. (+PAM +AUDIT +SELINUX +IMA +APPARMOR +SMACK +SYSVINIT +UTMP +LIBCRYPTSETUP +GCRYPT +GNUTLS +ACL +XZ -LZ4 +SECCOMP +BLKID +ELFUTILS +KMOD -IDN)
[   20.412826] systemd[1]: Detected virtualization oracle.
[   20.444487] systemd[1]: Detected architecture x86-64.

Welcome to [1mUbuntu 16.04.5 LTS[0m!

[   20.530076] systemd[1]: Set hostname to <ubuntu>.
[   20.811941] systemd[1]: Initializing machine ID from random generator.
[   21.309765] systemd[1]: Installed transient /etc/machine-id file.
[   21.321168] random: nonblocking pool is initialized
[   22.587652] systemd[1]: Reached target Swap.
[[0;32m  OK  [0m] Reached target Swap.
[   22.732038] systemd[1]: Listening on LVM2 poll daemon socket.
[[0;32m  OK  [0m] Listening on LVM2 poll daemon socket.
[   22.829514] systemd[1]: Listening on Journal Audit Socket.
[[0;32m  OK  [0m] Listening on Journal Audit Socket.
[   22.872804] systemd[1]: Created slice User and Session Slice.
[[0;32m  OK  [0m] Created slice User and Session Slice.
[   23.092322] systemd[1]: Set up automount Arbitrary Executable File Formats File System Automount Point.
[[0;32m  OK  [0m] Set up automount Arbitrary Executab...ats File System Automount Point.
[   23.749978] systemd[1]: Created slice System Slice.
[[0;32m  OK  [0m] Created slice System Slice.
[   23.763228] systemd[1]: Listening on Device-mapper event daemon FIFOs.
[[0;32m  OK  [0m] Listening on Device-mapper event daemon FIFOs.
[   23.955110] systemd[1]: Listening on udev Control Socket.
[[0;32m  OK  [0m] Listening on udev Control Socket.
[   23.961906] systemd[1]: Reached target Slices.
[[0;32m  OK  [0m] Reached target Slices.
[   24.043960] systemd[1]: Started Forward Password Requests to Wall Directory Watch.
[[0;32m  OK  [0m] Started Forward Password Requests to Wall Directory Watch.
[   24.065621] systemd[1]: Listening on udev Kernel Socket.
[[0;32m  OK  [0m] Listening on udev Kernel Socket.
[   24.075011] systemd[1]: Reached target Encrypted Volumes.
[[0;32m  OK  [0m] Reached target Encrypted Volumes.
[   24.095856] systemd[1]: Listening on /dev/initctl Compatibility Named Pipe.
[[0;32m  OK  [0m] Listening on /dev/initctl Compatibility Named Pipe.
[   24.114000] systemd[1]: Listening on Journal Socket.
[[0;32m  OK  [0m] Listening on Journal Socket.
[   24.135573] systemd[1]: Mounting Huge Pages File System...
         Mounting Huge Pages File System...
[   24.319916] systemd[1]: Starting Remount Root and Kernel File Systems...
[   24.331888] EXT4-fs (sda1): re-mounted. Opts: (null)
         Starting Remount Root and Kernel File Systems...
[   24.379889] systemd[1]: Starting Uncomplicated firewall...
         Starting Uncomplicated firewall...
[   24.410122] systemd[1]: Mounting POSIX Message Queue File System...
         Mounting POSIX Message Queue File System...
[   24.433843] systemd[1]: Mounting Debug File System...
         Mounting Debug File System...
[   24.799699] systemd[1]: Starting Load Kernel Modules...
         Starting Load Kernel Modules...
[   24.807739] systemd[1]: Reached target System Time Synchronized.
[[0;32m  OK  [0m] Reached target System Time Synchronized.
[   24.814620] systemd[1]: Starting Set console keymap...
         Starting Set console keymap...
[   24.819089] systemd[1]: Reached target User and Group Name Lookups.
[   24.929375] Loading iSCSI transport class v2.0-870.
[[0;32m  OK  [0m] Reached target User and Group Name Lookups.
[   24.974369] systemd[1]: Listening on Syslog Socket.
[[0;32m  OK  [0m] Listening on Syslog Socket.
[   24.997110] systemd[1]: Listening on Journal Socket (/dev/log).
[   25.153985] iscsi: registered transport (tcp)
[[0;32m  OK  [0m] Listening on Journal Socket (/dev/log).
[   25.187704] systemd[1]: Starting Journal Service...
         Starting Journal Service...
[   25.212413] systemd[1]: Starting Nameserver information manager...
         Starting Nameserver information manager...
[   25.226691] systemd[1]: Created slice system-serial\x2dgetty.slice.
[[0;32m  OK  [0m] Created slice system-serial\x2dgetty.slice.
[   25.238198] systemd[1]: Listening on LVM2 metadata daemon socket.
[[0;32m  OK  [0m] Listening on LVM2 metadata daemon socket.
[   25.304236] systemd[1]: Starting Monitoring of LVM2 mirrors, snapshots etc. using dmeventd or progress polling...
         Starting Monitoring of LVM2 mirrors... dmeventd or progress poll[   25.371479] iscsi: registered transport (iser)
ing...
[   25.544005] systemd[1]: Starting Create list of required static device nodes for the current kernel...
         Starting Create list of required st... nodes for the current kernel...
[   25.570039] systemd[1]: Started Trigger resolvconf update for networkd DNS.
[[0;32m  OK  [0m] Started Trigger resolvconf update for networkd DNS.
[   25.583920] systemd[1]: Mounted POSIX Message Queue File System.
[[0;32m  OK  [0m] Mounted POSIX Message Queue File System.
[   25.596085] systemd[1]: Mounted Debug File System.
[[0;32m  OK  [0m] Mounted Debug File System.
[   25.605913] systemd[1]: Mounted Huge Pages File System.
[[0;32m  OK  [0m] Mounted Huge Pages File System.
[   25.613165] systemd[1]: Started Journal Service.
[[0;32m  OK  [0m] Started Journal Service.
[[0;32m  OK  [0m] Started Remount Root and Kernel File Systems.
[[0;32m  OK  [0m] Started Uncomplicated firewall.
[[0;32m  OK  [0m] Started Load Kernel Modules.
[[0;32m  OK  [0m] Started Set console keymap.
[[0;32m  OK  [0m] Started Create list of required sta...ce nodes for the current kernel.
[[0;32m  OK  [0m] Started Nameserver information manager.
[[0;32m  OK  [0m] Started LVM2 metadata daemon.
         Starting Create Static Device Nodes in /dev...
         Starting Apply Kernel Variables...
         Mounting FUSE Control File System...
         Starting Load/Save Random Seed...
         Starting udev Coldplug all Devices...
         Starting Flush Journal to Persistent Storage...
[[0;32m  OK  [0m] Mounted FUSE Control File System.
[[0;32m  OK  [0m] Started Load/Save Random Seed.
[[0;32m  OK  [0m] Started udev Coldplug all Devices.
[   26.097840] systemd-journald[388]: Received request to flush runtime journal from PID 1
[[0;32m  OK  [0m] Started Apply Kernel Variables.
[[0;32m  OK  [0m] Started Flush Journal to Persistent Storage.
[[0;32m  OK  [0m] Started Monitoring of LVM2 mirrors,...ng dmeventd or progress polling.
[[0;32m  OK  [0m] Started Create Static Device Nodes in /dev.
         Starting udev Kernel Device Manager...
[[0;32m  OK  [0m] Started udev Kernel Device Manager.
[[0;32m  OK  [0m] Reached target Local File Systems (Pre).
[[0;32m  OK  [0m] Reached target Local File Systems.
         Starting Initial cloud-init job (pre-networking)...
         Starting Tell Plymouth To Write Out Runtime Data...
         Starting Create Volatile Files and Directories...
         Starting LSB: AppArmor initialization...
         Starting Set console font and keymap...
         Starting Commit a transient machine-id on disk...
[[0;32m  OK  [0m] Started Dispatch Password Requests to Console Directory Watch.
[[0;32m  OK  [0m] Started Tell Plymouth To Write Out Runtime Data.
[[0;32m  OK  [0m] Started Create Volatile Files and Directories.
[[0;32m  OK  [0m] Started Commit a transient machine-id on disk.
[[0;32m  OK  [0m] Found device /dev/ttyS0.
[[0;32m  OK  [0m] Listening on Load/Save RF Kill Switch Status /dev/rfkill Watch.
         Starting Update UTMP about System Boot/Shutdown...
[[0;32m  OK  [0m] Started Update UTMP about System Boot/Shutdown.
[[0;32m  OK  [0m] Started LSB: AppArmor initialization.
[[0;32m  OK  [0m] Started Set console font and keymap.
[[0;32m  OK  [0m] Created slice system-getty.slice.
[   30.377609] cloud-init[472]: Cloud-init v. 18.3-9-g2e62cb8a-0ubuntu1~16.04.2 running 'init-local' at Thu, 02 Apr 2020 05:01:42 +0000. Up 29.54 seconds.
[[0;32m  OK  [0m] Started Initial cloud-init job (pre-networking).
[[0;32m  OK  [0m] Reached target Network (Pre).
         Starting Raise network interfaces...
[[0;32m  OK  [0m] Started Raise network interfaces.
[[0;32m  OK  [0m] Reached target Network.
         Starting Initial cloud-init job (metadata service crawler)...
[   34.358536] cloud-init[930]: Cloud-init v. 18.3-9-g2e62cb8a-0ubuntu1~16.04.2 running 'init' at Thu, 02 Apr 2020 05:01:45 +0000. Up 31.88 seconds.
[   34.389351] cloud-init[930]: ci-info: ++++++++++++++++++++++++++++++++++++++Net device info++++++++++++++++++++++++++++++++++++++
[   34.401223] cloud-init[930]: ci-info: +--------+------+----------------------------+---------------+--------+-------------------+
[   34.427715] cloud-init[930]: ci-info: | Device |  Up  |          Address           |      Mask     | Scope  |     Hw-Address    |
[   34.452120] cloud-init[930]: ci-info: +--------+------+----------------------------+---------------+--------+-------------------+
[   34.463167] cloud-init[930]: ci-info: | enp0s3 | True |         10.0.2.15          | 255.255.255.0 | global | 02:93:23:4d:82:b3 |
[   34.475619] cloud-init[930]: ci-info: | enp0s3 | True | fe80::93:23ff:fe4d:82b3/64 |       .       |  link  | 02:93:23:4d:82:b3 |
[   34.505176] cloud-init[930]: ci-info: |   lo   | True |         127.0.0.1          |   255.0.0.0   |  host  |         .         |
[[0;32m  OK  [0m] Started Initial cloud-init job (metadata service crawler).
[   34.505875] cloud-init[930]: ci-info: |   lo   | True |          ::1/128           |       .       |  host  |         .         |
[   34.600655] cloud-init[930]: ci-info: +--------+------+----------------------------+---------------+--------+-------------------+
[   34.601380] cloud-init[930]: ci-info: +++++++++++++++++++++++++++Route IPv4 info++++++++++++++++++++++++++++
[[0;32m  OK  [0m] Reached target System Initialization.
[[   34.601721] cloud-init[930]: ci-info: +-------+-------------+----------+---------------+-----------+-------+
[0;32m  OK  [0m] Listening on UUID daemon activation socket.
[[   34.651128] cloud-init[930]: ci-info: | Route | Destination | Gateway  |    Genmask    | Interface | Flags |
[   34.690174] cloud-init[930]: ci-info: +-------+-------------+----------+---------------+-----------+-------+
[0;32m  OK  [0m] Started Daily Cleanup of Temporary Directories.
         Starting Socket activation for snappy daemon.
[   34.690385] cloud-init[930]: ci-info: |   0   |   0.0.0.0   | 10.0.2.2 |    0.0.0.0    |   enp0s3  |   UG  |
[   34.840879] cloud-init[930]: ci-info: |   1   |   10.0.2.0  | 0.0.0.0  | 255.255.255.0 |   enp0s3  |   U   |
[[0;32m  OK  [0m] Started Daily apt download activities.
[   34.841987] cloud-init[930]: ci-info: +-------+-------------+----------+---------------+-----------+-------+
[   34.875053] cloud-init[930]: ci-info: +++++++++++++++++++Route IPv6 info+++++++++++++++++++
[   34.875674] cloud-init[930]: ci-info: +-------+-------------+---------+-----------+-------+
[   34.876000] cloud-init[930]: ci-info: | Route | Destination | Gateway | Interface | Flags |
[   34.876660] cloud-init[930]: ci-info: +-------+-------------+---------+-----------+-------+
[[0;32m  OK  [0m] Started ACPI Events Check.
[[   34.877434] cloud-init[930]: ci-info: |   0   |  fe80::/64  |    ::   |   enp0s3  |   U   |
[   34.887278] cloud-init[930]: ci-info: |   4   |   ff00::/8  |    ::   |   enp0s3  |   U   |
[0;32m  OK  [0m] Reached target Paths.
[   34.887489] cloud-init[930]: ci-info: +-------+-------------+---------+-----------+-------+
[   35.057864] cloud-init[930]: Generating public/private rsa key pair.
[[0;32m  OK  [0m] Listening on D-Bus System Message Bus Socket.
[   35.058098] cloud-init[930]: Your identification has been saved in /etc/ssh/ssh_host_rsa_key.
[   35.127722] cloud-init[930]: Your public key has been saved in /etc/ssh/ssh_host_rsa_key.pub.
[   35.131573] cloud-init[930]: The key fingerprint is:
[   35.134254] cloud-init[930]: SHA256:q4Wyg4ube/skZB0vbp8ZhswPXsut6d4e0LbP8CRaGBI root@ubuntu-xenial
[   35.138148] cloud-init[930]: The key's randomart image is:
[   35.141105] cloud-init[930]: +---[RSA 2048]----+
[   35.142142] cloud-init[930]: |                 |
[   35.142636] cloud-init[930]: |                 |
[   35.143597] cloud-init[930]: |    E            |
[   35.144224] cloud-init[930]: |   . + .         |
[   35.144593] cloud-init[930]: |  o + + S        |
[   35.145076] cloud-init[930]: | o + + * o       |
[   35.145548] cloud-init[930]: |  ..X * O .      |
[   35.146037] cloud-init[930]: | oo=.X & O       |
[   35.146509] cloud-init[930]: |=+o+++#o+ +      |
[   35.147015] cloud-init[930]: +----[SHA256]-----+
[   35.147490] cloud-init[930]: Generating public/private dsa key pair.
[   35.148005] cloud-init[930]: Your identification has been saved in /etc/ssh/ssh_host_dsa_key.
[   35.148507] cloud-init[930]: Your public key has been saved in /etc/ssh/ssh_host_dsa_key.pub.
[   35.149021] cloud-init[930]: The key fingerprint is:
[   35.149510] cloud-init[930]: SHA256:7ksA8c9Prko0OW6FA58JymLadlZqgY/1TCUfDInalkA root@ubuntu-xenial
[   35.150021] cloud-init[930]: The key's randomart image is:
[   35.150224] cloud-init[930]: +---[DSA 1024]----+
[   35.150426] cloud-init[930]: | .E ....         |
[   35.150634] cloud-init[930]: |  . .o.o         |
[   35.150869] cloud-init[930]: |   ++.o +        |
[   35.151091] cloud-init[930]: | ..o+= @ .       |
[   35.151297] cloud-init[930]: |..+.o # S .      |
[   35.151786] cloud-init[930]: |oo + X B +       |
[   35.152356] cloud-init[930]: |. + * * o o      |
[   35.152574] cloud-init[930]: | . + o o .       |
[   35.152793] cloud-init[930]: |      ..+.       |
[   35.153016] cloud-init[930]: +----[SHA256]-----+
[   35.153220] cloud-init[930]: Generating public/private ecdsa key pair.
[   35.153425] cloud-init[930]: Your identification has been saved in /etc/ssh/ssh_host_ecdsa_key.
         Starting LXD - unix socket.
[[   35.153645] cloud-init[930]: Your public key has been saved in /etc/ssh/ssh_host_ecdsa_key.pub.
[   35.373768] cloud-init[930]: The key fingerprint is:
[   35.374277] cloud-init[930]: SHA256:v4y28tI11r310BZc8anR1Kgy5Z2zpBlwh0+19lq3Ims root@ubuntu-xenial
[0;32m  OK  [0m] Listening on ACPID Listen Socket.
[[   35.375096] cloud-init[930]: The key's randomart image is:
[   35.474394] cloud-init[930]: +---[ECDSA 256]---+
[   35.474921] cloud-init[930]: |             ..+o|
[   35.475451] cloud-init[930]: |          . + *o+|
[   35.476000] cloud-init[930]: |           = B.*.|
[   35.478319] cloud-init[930]: |          o.+.X .|
[0;32m  OK  [0m] Started Daily apt upgrade and clean activities.
[[   35.478460] cloud-init[930]: |        S  oo* o+|
[   35.647508] cloud-init[930]: |         .o.o..oo|
[   35.648131] cloud-init[930]: |       . o+oo... |
[   35.648780] cloud-init[930]: |      o.++ Eo .  |
[0;32m  OK  [0m] Reached target Timers.
[   35.649316] cloud-init[930]: |      .**o+..    |
[   35.709998] cloud-init[930]: +----[SHA256]-----+
[[0;32m  OK  [0m] Reached target Network is Online.
[   35.710470] cloud-init[930]: Generating public/private ed25519 key pair.
[   35.796753] cloud-init[930]: Your identification has been saved in /etc/ssh/ssh_host_ed25519_key.
[   35.797615] cloud-init[930]: Your public key has been saved in /etc/ssh/ssh_host_ed25519_key.pub.
         Starting iSCSI initiator daemon (iscsid)...
[   35.798070] cloud-init[930]: The key fingerprint is:
[   35.866727] cloud-init[930]: SHA256:aIuYyE0KXo79xJpknJqbcJPQuGtD8XuTa4XwONt1ZD0 root@ubuntu-xenial
[[0;32m  OK  [0m] Reached target Cloud-config availability.
[   35.867185] cloud-init[930]: The key's randomart image is:
[   36.036657] cloud-init[930]: +--[ED25519 256]--+
[   36.037409] cloud-init[930]: |                 |
[[0;32m  OK  [0m] Listening on Socket activation for snappy daemon.
[   36.037777] cloud-init[930]: |                 |
[   36.060291] cloud-init[930]: |          .      |
[[0;32m  OK  [0m] Listening on LXD - unix socket.
[   36.060455] cloud-init[930]: | + .   . o E     |
[   36.154656] cloud-init[930]: |+ +o+ + S   .    |
[   36.158210] cloud-init[930]: |+=XBo= + .       |
[   36.160562] cloud-init[930]: |==*O*o= .        |
[   36.162799] cloud-init[930]: |.=*+=*           |
[   36.180447] cloud-init[930]: |o=ooooo          |
[   36.204560] cloud-init[930]: +----[SHA256]-----+
[[0;32m  OK  [0m] Reached target Sockets.
[[0;32m  OK  [0m] Reached target Basic System.
         Starting Pollinate to seed the pseudo random number generator...
[[0;32m  OK  [0m] Started Deferred execution scheduler.
         Starting /etc/rc.local Compatibility...
[[0;32m  OK  [0m] Started FUSE filesystem for LXC.
[[0;32m  OK  [0m] Started D-Bus System Message Bus.
         Starting System Logging Service...
[[0;32m  OK  [0m] Started Regular background program processing daemon.
         Starting LXD - container startup/shutdown...
         Starting LSB: Record successful boot for GRUB...
[[0;32m  OK  [0m] Started Unattended Upgrades Shutdown.
         Starting LSB: MD monitoring daemon...
[[0;32m  OK  [0m] Started ACPI event daemon.
         Starting Accounts Service...
         Starting Virtualbox guest utils...
         Starting Login Service...
         Starting Snappy daemon...
[[0;32m  OK  [0m] Started iSCSI initiator daemon (iscsid).
[[0;32m  OK  [0m] Started /etc/rc.local Compatibility.
[[0;32m  OK  [0m] Started System Logging Service.
         Starting Login to default iSCSI targets...
[[0;32m  OK  [0m] Started Login Service.
[[0;32m  OK  [0m] Started LSB: Record successful boot for GRUB.
[[0;32m  OK  [0m] Started LSB: MD monitoring daemon.
[[0;32m  OK  [0m] Started Login to default iSCSI targets.
[[0;32m  OK  [0m] Reached target Remote File Systems (Pre).
[[0;32m  OK  [0m] Reached target Remote File Systems.
         Starting LSB: automatic crash report generation...
         Starting LSB: Set the CPU Frequency Scaling governor to "ondemand"...
         Starting Permit User Sessions...
         Starting LSB: daemon to balance interrupts for SMP systems...
[[0;32m  OK  [0m] Started Permit User Sessions.
[[0;32m  OK  [0m] Started LSB: Set the CPU Frequency Scaling governor to "ondemand".
         Starting Terminate Plymouth Boot Screen...
         Starting Hold until boot process finishes up...
[[0;32m  OK  [0m] Started Hold until boot process finishes up.
[[0;32m  OK  [0m] Started Terminate Plymouth Boot Screen.
[[0;32m  OK  [0m] Started LSB: daemon to balance interrupts for SMP systems.
         Starting Set console scheme...
[[0;32m  OK  [0m] Started Serial Getty on ttyS0.
[[0;32m  OK  [0m] Started Getty on tty1.
[[0;32m  OK  [0m] Reached target Login Prompts.
[[0;32m  OK  [0m] Started LSB: automatic crash report generation.
[[0;32m  OK  [0m] Started Set console scheme.
[[0;32m  OK  [0m] Started Virtualbox guest utils.
         Starting Authenticate and Authorize Users to Run Privileged Tasks...
[[0;32m  OK  [0m] Started Authenticate and Authorize Users to Run Privileged Tasks.
[[0;32m  OK  [0m] Started Accounts Service.
[[0;32m  OK  [0m] Started Pollinate to seed the pseudo random number generator.
         Starting OpenBSD Secure Shell server...
[[0;32m  OK  [0m] Started LXD - container startup/shutdown.
[[0;32m  OK  [0m] Started OpenBSD Secure Shell server.
[[0;32m  OK  [0m] Started Snappy daemon.
         Starting Wait until snapd is fully seeded...
[[0;32m  OK  [0m] Created slice User Slice of vagrant.
         Starting User Manager for UID 1000...
[[0;32m  OK  [0m] Started Session 1 of user vagrant.
[[0;32m  OK  [0m] Started User Manager for UID 1000.
[[0;32m  OK  [0m] Started Wait until snapd is fully seeded.
[[0;32m  OK  [0m] Reached target Multi-User System.
[[0;32m  OK  [0m] Reached target Graphical Interface.
         Starting Update UTMP about System Runlevel Changes...
         Starting Apply the settings specified in cloud-config...
[[0;32m  OK  [0m] Started Update UTMP about System Runlevel Changes.
[   44.218568] cloud-init[1328]: Generating locales (this might take a while)...

Ubuntu 16.04.5 LTS ubuntu-xenial ttyS0

ubuntu-xenial login: [   46.139087] cloud-init[1328]:   en_US.UTF-8... done
[   46.140534] cloud-init[1328]: Generation complete.
[   47.633643] cloud-init[1328]: Cloud-init v. 18.3-9-g2e62cb8a-0ubuntu1~16.04.2 running 'modules:config' at Thu, 02 Apr 2020 05:01:57 +0000. Up 43.76 seconds.
ci-info: no authorized ssh keys fingerprints found for user ubuntu.
<14>Apr  2 05:02:02 ec2: 
<14>Apr  2 05:02:02 ec2: #############################################################
<14>Apr  2 05:02:02 ec2: -----BEGIN SSH HOST KEY FINGERPRINTS-----
<14>Apr  2 05:02:02 ec2: 1024 SHA256:7ksA8c9Prko0OW6FA58JymLadlZqgY/1TCUfDInalkA root@ubuntu-xenial (DSA)
<14>Apr  2 05:02:02 ec2: 256 SHA256:v4y28tI1qr310BZc8anR1Kgy5Z2zpBlwh0+19lq3Ims root@ubuntu-xenial (ECDSA)
<14>Apr  2 05:02:02 ec2: 256 SHA256:aIuYyE0KXo79xJpknJqbcJPQuGtD8XuTa4XwONt1ZD0 root@ubuntu-xenial (ED25519)
<14>Apr  2 05:02:02 ec2: 2048 SHA256:q4Wyg4ube/skZB0vbp8ZhswPXsut6d4e0LbP8CRaGBI root@ubuntu-xenial (RSA)
<14>Apr  2 05:02:02 ec2: -----END SSH HOST KEY FINGERPRINTS-----
<14>Apr  2 05:02:02 ec2: #############################################################
-----BEGIN SSH HOST KEY KEYS-----
ecdsa-sha2-nistp256 AAAAE2VjZHNhLXNoYTItbmlzdHAyNTYAAAAIbmlzdHAyNTYAAABBBAgn4hIsy8td13MNVT1aHZg/vURi3zc+KHaNQxhzeDY/svW+dWPnizv1lSx/LN1croKhtvNjyFYkvemKpPLogW0= root@ubuntu-xenial
ssh-ed25519 AAAAC3NzaC1lZDI1NTE5AAAAIBeN1QjihImoHF2wqUWADhwtZrWkC4B4v4Uu1AJHMTy1 root@ubuntu-xenial
ssh-rsa AAAAB3NzaC1yc2EAAAADAQABAAABAQC8S92FJopjbHQxuw1fjLCL4pSx/H5royC7J1H0CoFt+TqxrLGZ0VVMt62hSczvoNzgJJk5PbcUYnjclDdDNHadBqmhVjSb+IQ5gKId7a5SfYJEn0rZPuMXw8rDEzL8g2k772e82AKLB0DljEKid+wc/xpDHxBVEhnBFLSn+r95CvNz0hJLSHF0GwToxKTSXtDvEdKaxmScbRgJvp87RD7+z/XFqBQyMpo9K18D53Eavky5f8H0i3Ki9zD4OX0NgGwXOQ+Tk2Cc5xfpAHegbABnRqLMwW9zCmiA4doBtNqeZKf9dq+7a145Ixwi+vUmyfWDagXQrWokQkmzTQwvv7X/ root@ubuntu-xenial
-----END SSH HOST KEY KEYS-----
[   49.031248] cloud-init[1487]: Cloud-init v. 18.3-9-g2e62cb8a-0ubuntu1~16.04.2 running 'modules:final' at Thu, 02 Apr 2020 05:02:01 +0000. Up 48.51 seconds.
[   49.031815] cloud-init[1487]: ci-info: no authorized ssh keys fingerprints found for user ubuntu.
[   49.032516] cloud-init[1487]: Cloud-init v. 18.3-9-g2e62cb8a-0ubuntu1~16.04.2 finished at Thu, 02 Apr 2020 05:02:02 +0000. Datasource DataSourceNoCloud [seed=/dev/sdb][dsmode=net].  Up 49.01 seconds
