[    0.000000] Initializing cgroup subsys cpuset
[    0.000000] Initializing cgroup subsys cpu
[    0.000000] Initializing cgroup subsys cpuacct
[    0.000000] Linux version 4.4.0-134-generic (buildd@lgw01-amd64-033) (gcc version 5.4.0 20160609 (Ubuntu 5.4.0-6ubuntu1~16.04.10) ) #160-Ubuntu SMP Wed Aug 15 14:58:00 UTC 2018 (Ubuntu 4.4.0-134.160-generic 4.4.140)
[    0.000000] Command line: BOOT_IMAGE=/boot/vmlinuz-4.4.0-134-generic root=LABEL=cloudimg-rootfs ro console=tty1 console=ttyS0
[    0.000000] KERNEL supported cpus:
[    0.000000]   Intel GenuineIntel
[    0.000000]   AMD AuthenticAMD
[    0.000000]   Centaur CentaurHauls
[    0.000000] x86/fpu: xstate_offset[2]:  576, xstate_sizes[2]:  256
[    0.000000] x86/fpu: Supporting XSAVE feature 0x01: 'x87 floating point registers'
[    0.000000] x86/fpu: Supporting XSAVE feature 0x02: 'SSE registers'
[    0.000000] x86/fpu: Supporting XSAVE feature 0x04: 'AVX registers'
[    0.000000] x86/fpu: Enabled xstate features 0x7, context size is 832 bytes, using 'standard' format.
[    0.000000] e820: BIOS-provided physical RAM map:
[    0.000000] BIOS-e820: [mem 0x0000000000000000-0x000000000009fbff] usable
[    0.000000] BIOS-e820: [mem 0x000000000009fc00-0x000000000009ffff] reserved
[    0.000000] BIOS-e820: [mem 0x00000000000f0000-0x00000000000fffff] reserved
[    0.000000] BIOS-e820: [mem 0x0000000000100000-0x000000007ffeffff] usable
[    0.000000] BIOS-e820: [mem 0x000000007fff0000-0x000000007fffffff] ACPI data
[    0.000000] BIOS-e820: [mem 0x00000000fec00000-0x00000000fec00fff] reserved
[    0.000000] BIOS-e820: [mem 0x00000000fee00000-0x00000000fee00fff] reserved
[    0.000000] BIOS-e820: [mem 0x00000000fffc0000-0x00000000ffffffff] reserved
[    0.000000] NX (Execute Disable) protection: active
[    0.000000] SMBIOS 2.5 present.
[    0.000000] Hypervisor detected: KVM
[    0.000000] e820: last_pfn = 0x7fff0 max_arch_pfn = 0x4000000[   .000] RR: Disabled
[    0.000000] x86/PAT: MTRRs disabled, skipping PAT initialization too.
[    0.000000] CPU MTRRs all blank - virtualized system.
[    0.000000] x86/PAT: Configuration [0-7]: WB  WT  UC- UC  WB  WT  UC- UC  
[    0.000000] found SMP MP-table at [mem 0x0009fff0-0x0009ffff] mapped at [ffff88000009fff0]
[    0.000000] Scanning 1 areas for low memory corruption
[    0.000000] RAMDISK: [mem 0x3630c000-0x3717dfff]
[    0.000000] ACPI: Early table checksum verification disabled
[    0.000000] ACPI: RSDP 0x00000000000E0000 000024 (v02 VBOX  )
[    0.000000] ACPI: XSDT 0x000000007FFF0030 00003C (v01 VBOX   VBOXXSDT 00000001 ASL  00000061)
[    0.000000] ACPI: FACP 0x000000007FFF00F0 0000F4 (v04 VBOX   VBOXFACP 00000001 ASL  00000061)
[    0.000000] ACPI: DSDT 0x000000007FFF0470 0021FF (v02 VBOX   VBOXBIOS 00000002 INTL 20160831)
[    0.000000] ACPI: FACS 0x000000007FFF0200 000040
[    0.000000] ACPI: FACS 0x000000007FFF0200 000040
[    0.000000] ACPI: APIC 0x000000007FFF0240 00005C (v02 VBOX   VBOXAPIC 00000001 ASL  00000061)
[    0.000000] ACPI: SSDT 0x000000007FFF02A0 0001CC (v01 VBOX   VBOXCPUT 00000002 INTL 20160831)
[    0.000000] No NUMA configuration found
[    0.000000] Faking a node at [mem 0x0000000000000000-0x000000007ffeffff]
[    0.000000] NODE_DATA(0) allocated [mem 0x7ffeb000-0x7ffeffff]
[    0.000000] kvm-clock: Using msrs 4b564d01 and 4b564d00
[    0.000000] kvm-clock: cpu 0, msr 0:7ffe3001, primary cpu clock
[    0.000000] kvm-clock: using sched offset of 3944719572 cycles
[    0.000000] clocksource: kvm-clock: mask: 0xffffffffffffffff max_cycles: 0x1cd42e4dffb, max_idle_ns: 881590591483 ns
[    0.000000] Zone ranges:
[    0.000000]   DMA      [mem 0x0000000000001000-0x0000000000ffffff]
[    0.000000]   DMA32    [mem 0x0000000001000000-0x000000007ffeffff]
[    0.000000]   Normal   empty
[    0.000000]   Device   empty
[    0.000000] Movable zone start for each node
[    0.000000] Early memory node ranges
[    0.000000]   node   0: [mem 0x0000000000001000-0x000000000009efff]
[    0.000000]   node   0: [mem 0x0000000000100000-0x000000007ffeffff]
[    0.000000] Initmem setup node 0 [mem 0x0000000000001000-0x000000007ffeffff]
[    0.000000] ACPI: PM-Timer IO Port: 0x4008
[    0.000000] IOAPIC[0]: apic_id 2, version 32, address 0xfec00000, GSI 0-23
[    0.000000] ACPI: INT_SRC_OVR (bus 0 bus_irq 0 global_irq 2 dfl dfl)
[    0.000000] ACPI: INT_SRC_OVR (bus 0 bus_irq 9 global_irq 9 low level)
[    0.000000] Using ACPI (MADT) for SMP configuration information
[    0.000000]smoot:llwing 2 CPUs, 0 hotplug CPUs
[    0.000000] PM: Registered nosave memory: [mem 0x00000000-0x00000fff]
[    0.000000] PM: Registered nosave memory: [mem 0x0009f000-0x0009ffff]
[    0.000000] PM: Registered nosave memory: [mem 0x000a0000-0x000effff]
[    0.000000] PM: Registered nosave memory: [mem 0x000f0000-0x000fffff]
[    0.000000] e820: [mem 0x80000000-0xfebfffff] available for PCI devices
[    0.000000] Booting paravirtualized kernel on KVM
[    0.000000] clocksource: refined-jiffies: mask: 0xffffffff max_cycles: 0xffffffff, max_idle_ns: 7645519600211568 ns
[    0.000000] setup_percpu: NR_CPUS:512 nr_cumk_bits:512 nr_cpu_is:2 r_odids:1
[    000000] PERPU Embedded 34 pages/cpu @ffff88007fc00000 s99544 r8192 d31528 u1048576
[    0.000000] PV qspinlock hash table entries: 256 (order: 0, 4096 bytes)
[    0.000000] Built 1 zonelists in Node order, mobility grouping on.  Total pages: 515960
[    0.000000] Policy zone: DMA32
[    0.000000] Kernel command line: BOOT_IMAG/bot/vmlinuz-4.4.0-134-generic root=LABEL=cloudimg-rootfs ro console=tty1 console=ttyS0
[    0.000000] PID hash table entries: 4096 (order: 3, 32768 bytes)
[    0.000000] Memory: 2029916K/2096696K available (8554K kernel code, 1314K rwdata, 4004K rodata, 1516K init, 1316K bss, 66780K reserved, 0K cma-reserved)
[    0.000000] SLUB: HWalign=64, Order=0-3, MinObjects=0, CPUs=2, Nodes=1
[    0.000000] Kernel/User page tables isolation: enabled
[    0.000000] Hierarchical RCU implementati.[    0.000000] 	Build-time adjustment of leaf fanout to 64.
[    0.000000] 	RCU restricting CPUs from NR_CPUS=512 to nr_cpu_ids=2.
[    0.000000] RCU: Adjusting geometry for rcu_fanout_leaf=64, nr_cpu_ids=2
[    0.000000] NR_IRQS:33024 nr_irqs:440 16
[    0.000000] Console: colour VGA+ 80x25
[    0.000000] console [tty1] enabled
[    0.000000] console [ttyS0] enabled
[    0.000000] tsc: Detected 2394.564 MHz processor
[    1.521230] Calibrating delay loop (skipped) preset value.. 4789.12 BogoMIPS (lpj=9578256)
[    1.523065] pid_max: default: 32768 minimum: 301
[    1.524080] ACPI: Core revision 20150930
[    1.525959] ACPI: 2 ACPI AML tables successfully acquired and loaded
[    1.537680] Security Framework initialized
[    1.544411] Yama: becoming mindful.
[    1.545089] AppArmor: AppArmor initialized
[    1.549129] Dentry cache hash table entries: 262144 (order: 9, 2097152 bytes)
[    1.552039] Inode-cache hash table entries: 131072 (order: 8, 1048576 bytes)
[    1.562327] Mount-cache hash table entries: 4096 (order: 3, 32768 bytes)
[    1.576482] Mountpoint-cache hash table entries: 4096 (order: 3, 32768 bytes)
[    1.620206] Initializing cgroup subsys io
[    1.709518] Initializing cgroup subsys memory
[    1.734780] Initializing cgroup subsys devices
[    1.830872] Initializing cgroup subsys freezer
[    1.889101] Initializing cgroup subsys net_cls
[    1.890089] Initializing cgroup subsys perf_event
[    1.891105] Initializing cgroup subsys net_prio
[    1.892116] Initializing cgroup subsys hugetlb
[    1.893136] Initializing cgroup subsys pids
[    1.894447] mce: CPU supports 0 MCE banks
[    1.900694] Last level iTLB entries: 4KB 512, 2MB 8, 4MB 8
[    1.901832] Last level dTLB entries: 4KB 512, 2MB 32, 4MB 32, 1GB 0
[    1.903097] Spectre V2 : Mitigation: Full generic retpoline
[    1.905339] Spectre V2 : Speculation control IBPB not-supported IBRS not-supported
[    1.906824] Speculative Store Bypass: Vulnerable
[    1.910638] Freeing SMP alternatives memory: 32K
[    1.919848] ftrace: allocating 32266 entries in 127 pages
[    1.982302] smpboot: APIC(0) Converting physical 0 to logical package 0
[    2.010939] smpboot: Max logical packages: 1
[    2.011936] x2apic enabled
[    2.012713] Switched APIC routing to physical x2apic.
[    2.014533] ..TIMER: vector=0x30 apic1=0 pin1=2 apic2=-1 pin2=-1
[    2.119891] smpboot: CPU0: Intel(R) Core(TM) i7-3630QM CPU @ 2.40GHz (family: 0x6, model: 0x3a, stepping: 0x9)
[    2.293112] Performance Events: unsupported p6 CPU model 58 no PMU driver, software events only.
[    2.294666] KVM setup paravirtual spinlock
[    2.296519] x86: Booting SMP configuration:
[    2.399239] .... node  #0, CPUs:      #1
[    2.484880] kvm-clock: cpu 1, msr 0:7ffe3041, secondary cpu clock
[    2.556375] mce: CPU supports 0 MCE banks
[    2.558805] x86: Booted up 1 node, 2 CPUs
[    2.559898] smpboot: Total of 2 processors activated (9578.25 BogoMIPS)
[    2.561595] devtmpfs: initialized
[    2.564285] evm: security.selinux
[    2.565065] evm: security.SMACK64
[    2.565837] evm: security.SMACK64EXEC
[    2.566679] evm: security.SMACK64TRANSMUTE
[    2.621009] evm: security.SMACK64MMAP
[    2.628574] evm: security.ima
[    2.629277] evm: security.capability
[    2.630316] clocksource: jiffies: mask: 0xffffffff max_cycles: 0xffffffff, max_idle_ns: 7645041785100000 ns
[    2.633255] futex hash table entries: 512 (order: 3, 32768 bytes)
[    2.637176] pinctrl core: initialized pinctrl subsystem
[    2.647805] RTC time:  3:09:43, date: 08/29/18
[    2.649537] NET: Registered protocol family 16
[    2.656567] cpuidle: using governor ladder
[    2.780728] cpuidle: using governor menu
[    2.883623] PCCT header not found.
[    2.897671] ACPI: bus type PCI registered
[    2.899859] acpiphp: ACPI Hot Plug PCI Controller Driver version: 0.5
[    2.903762] PCI: Using configuration type 1 for base access
[    2.917422] ACPI: Added _OSI(Module Device)
[    3.009073] ACPI: Added _OSI(Processor Device)
[    3.009819] ACPI: Added _OSI(3.0 _SCP Extensions)
[    3.010587] ACPI: Added _OSI(Processor Aggregator Device)
[    3.012110] ACPI: Executed 1 blocks of module-level executable AML code
[    3.015133] ACPI: Interpreter enabled
[    3.119831] ACPI: (supports S0 S5)
[    3.222232] ACPI: Using IOAPIC for interrupt routing
[    3.363762] PCI: Using host bridge windows from ACPI; if necessary, use "pci=nocrs" and report a bug
[    3.595611] ACPI: PCI Root Bridge [PCI0] (domain 0000 [bus 00-ff])
[    3.667304] acpi PNP0A03:00: _OSC: OS supports [ASPM ClockPM Segments MSI]
[    3.669779] acpi PNP0A03:00: _OSC: not requesting OS control; OS requires [ExtendedConfig ASPM ClockPM MSI]
[    3.672404] acpi PNP0A03:00: fail to add MMCONFIG information, can't access extended PCI configuration space under this bridge.
[    3.674408] PCI host bridge to bus 0000:00
[    3.675114] pci_bus 0000:00: root bus resource [io  0x0000-0x0cf7 window]
[    3.676140] pci_bus 0000:00: root bus resource [io  0x0d00-0xffff window]
[    3.677167] pci_bus 0000:00: root bus resource [mem 0x000a0000-0x000bffff window]
[    3.680501] pci_bus 0000:00: root bus resource [mem 0x80000000-0xfdffffff window]
[    3.681767] pci_bus 0000:00: root bus resource [bus 00-ff]
[    3.684062] pci 0000:00:01.1: legacy IDE quirk: reg 0x10: [io  0x01f0-0x01f7]
[    3.701083] pci 0000:00:01.1: legacy IDE quirk: reg 0x14: [io  0x03f6]
[    3.702074] pci 0000:00:01.1: legacy IDE quirk: reg 0x18: [io  0x0170-0x0177]
[    3.703121] pci 0000:00:01.1: legacy IDE quirk: reg 0x1c: [io  0x0376]
[    3.731958] pci 0000:00:07.0: quirk: [io  0x4000-0x403f] claimed by PIIX4 ACPI
[    3.779669] pci 0000:00:07.0: quirk: [io  0x4100-0x410f] claimed by PIIX4 SMB
[    3.802413] ACPI: PCI Interrupt Link [LNKA] (IRQs 5 9 10 *11)
[    3.817688] ACPI: PCI Interrupt Link [LNKB] (IRQs 5 9 *10 11)
[    3.820766] ACPI: PCI Interrupt Link [LNKC] (IRQs 5 *9 10 11)
[    3.822092] ACPI: PCI Interrupt Link [LNKD] (IRQs 5 9 10 *11)
[    3.829888] ACPI: Enabled 2 GPEs in block 00 to 07
[    3.896919] vgaarb: setting as boot device: PCI:0000:00:02.0
[    3.970802] vgaarb: device added: PCI:0000:00:02.0,decodes=io+mem,owns=io+mem,locks=none
[    3.992012] vgaarb: loaded
[    3.992576] vgaarb: bridge control possible 0000:00:02.0
[    3.996362] SCSI subsystem initialized
[    3.997321] ACPI: bus type USB registered
[    3.998053] usbcore: registered new interface driver usbfs
[    3.998997] usbcore: registered new interface driver hub
[    4.031050] usbcore: registered new device driver usb
[    4.032513] PCI: Using ACPI for IRQ routing
[    4.069553] NetLabel: Initializing
[    4.070189] NetLabel:  domain hash size = 128
[    4.070916] NetLabel:  protocols = UNLABELED CIPSOv4
[    4.071755] NetLabel:  unlabeled traffic allowed by default
[    4.072823] amd_nb: Cannot enumerate AMD northbridges
[    4.073678] clocksource: Switched to clocksource kvm-clock
[    4.081089] AppArorAprm FesteEnle
[  4182]npPnACI it[  40725] pn P AI:ou 3eves
[    5.440583] clocksource: acpi_pm: mask: 0xffffff max_cycles: 0xffffff, max_idle_ns: 2085701024 ns
[    5.471969] NET: Registered protocol family 2
[    5.472863] TCP established hash table entries: 16384 (order: 5, 131072 bytes)
[    5.474132] TCP bind hash table entries: 16384 (order: 6, 262144 bytes)
[    5.475166] TCP: Hash tables configured (established 16384 bind 16384)
[    5.476180] UDP hash table entries: 1024 (order: 3, 32768 bytes)
[    5.477163] UDP-Lite hash table entries: 1024 (order: 3, 32768 bytes)
[    5.478192] NET: Registered protocol family 1
[    5.478944] pci 0000:00:00.0: Limiting direct PCI/PCI transfers
[    5.479889] pci 0000:00:01.0: Activating ISA DMA hang workarounds
[    5.501436] Unpacking initramfs...
[    6.004247] Freeing initrd memory: 14792K
[    6.170806] RAPL PMU detected, API unit is 2^-32 Joules, 3 fixed counters 10737418240 ms ovfl timer
[    6.911817] hw unit of domain pp0-core 2^-0 Joules
[    6.931057] hw unit of domain package 2^-0 Joules
[    6.936009] hw unit of domain pp1-gpu 2^-0 Joules
[    6.936866] platform rtc_cmos: registered platform RTC device (no PNP device found)
[    6.938223] Scanning for low memory corruption every 60 seconds
[    6.939544] audit: initializing netlink subsys (disabled)
[    6.940445] audit: type=2000 audit(1535512189.300:1): initialized
[    6.941640] Initialise system trusted keyring
[    6.942649] HugeTLB registered 2 MB page size, pre-allocated 0 pages
[    6.944896] zbud: loaded
[    6.945836] VFS: Disk quotas dquot_6.6.0
[    6.946583] VFS: Dquot-cache hash table entries: 512 (order 0, 4096 bytes)
[    6.947845] squashfs: version 4.0 (2009/01/31) Phillip Lougher
[    6.949046] fuse init (API version 7.23)
[    6.949874] Key type big_key registered
[    7.020991] Allocating IMA MOK and blacklist keyrings.
[    7.022958] Key type asymmetric registered
[    7.023685] Asymmetric key parser 'x509' registered
[    7.024525] Block layer SCSI generic (bsg) driver version 0.4 loaded (major 249)
[    7.025864] io scheduler noop registered
[    7.026551] io scheduler deadline registered (default)
[    7.030791] io scheduler cfq registered
[    7.031621] pci_hotplug: PCI Hot Plug PCI Core version: 0.5
[    7.382293] pciehp: PCI Express Hot Plug Controller Driver version: 0.4
[    7.571861] ACPI: AC Adapter [AC] (on-line)
[    7.572635] input: Power Button as /devices/LNXSYSTM:00/LNXPWRBN:00/input/input0
[    7.573932] ACPI: Power Button [PWRF]
[    7.574651] input: Sleep Button as /devices/LNXSYSTM:00/LNXSLPBN:00/input/input1
[    7.575924] ACPI: Sleep Button [SLPF]
[    7.576790] GHES: HEST is not enabled!
[    7.577389] ACPI: Battery Slot [BAT0] (battery present)
[    7.578466] Serial: 8250/16550 driver, 32 ports, IRQ sharing enabled
[    7.601200] 00:02: ttyS0 at I/O 0x3f8 (irq = 4, base_baud = 115200) is a 16550A
[    7.822299] Linux agpgart interface v0.103
[    7.825527] loop: module loaded
[    7.831496] scsi host0: ata_piix
[    7.832354] scsi host1: ata_piix
[    7.970893] tsc: Refined TSC clocksource calibration: 2395.397 MHz
[    7.980244] clocksource: tsc: mask: 0xffffffffffffffff max_cycles: 0x22873b11302, max_idle_ns: 440795253091 ns
[    7.982524] ata1: PATA max UDMA/33 cmd 0x1f0 ctl 0x3f6 bmdma 0xd000 irq 14
[    8.260777] ata2: PATA max UDMA/33 cmd 0x170 ctl 0x376 bmdma 0xd008 irq 15
[    8.670870] libphy: Fixed MDIO Bus: probed
[    9.011896] tun: Universal TUN/TAP device driver, 1.6
[    9.031281] tun: (C) 1999-2004 Max Krasnyansky <maxk@qualcomm.com>
[    9.151019] PPP generic driver version 2.4.2
[    9.350836] ehci_hcd: USB 2.0 'Enhanced' Host Controller (EHCI) Driver
[    9.571178] ehci-pci: EHCI PCI platform driver
[    9.572008] ehci-platform: EHCI generic platform driver
[    9.572897] ohci_hcd: USB 1.1 'Open' Host Controller (OHCI) Driver
[    9.575133] ohci-pci: OHCI PCI platform driver
[    9.575900] ohci-platform: OHCI generic platform driver
[    9.576742] uhci_hcd: USB Universal Host Controller Interface driver
[    9.577772] i8042: PNP: PS/2 Controller [PNP0303:PS2K,PNP0f03:PS2M] at 0x60,0x64 irq 1,12
[    9.579683] serio: i8042 KBD port at 0x60,0x64 irq 1
[    9.583523] serio: i8042 AUX port at 0x60,0x64 irq 12
[    9.621204] mousedev: PS/2 mouse device common for all mice
[   10.071389] input: AT Translated Set 2 keyboard as /devices/platform/i8042/serio0/input/input2
[   10.121899] rtc_cmos rtc_cmos: rtc core: registered rtc_cmos as rtc0
[   10.129691] rtc_cmos rtc_cmos: alarms up to one day, 114 bytes nvram
[   10.224164] i2c /dev entries driver
[   10.224897] device-mapper: uevent: version 1.0.3
[   10.225780] device-mapper: ioctl: 4.34.0-ioctl (2015-10-28) initialised: dm-devel@redhat.com
[   10.227136] ledtrig-cpu: registered to indicate activity on CPUs
[   10.228768] NET: Registered protocol family 10
[   10.229822] NET: Registered protocol family 17
[   10.230636] Key type dns_resolver registered
[   10.231637] registered taskstats version 1
[   10.232358] Loading compiled-in X.509 certificates
[   10.233808] Loaded X.509 cert 'Build time autogenerated kernel key: 4ebbd024ac16f76c1747ffd474694c84db21038b'
[   10.881219] zswap: loaded using pool lzo/zbud
[   11.178296] Key type trusted registered
[   11.185897] Key type encrypted registered
[   11.191508] AppArmor: AppArmor sha1 policy hashing enabled
[   11.258925] ima: No TPM chip found, activating TPM-bypass!
[   11.259809] ima: Allocated hash algorithm: sha1
[   11.260614] evm: HMAC attrs: 0x1
[   11.261648]   Magic number: 14:124:160
[   11.262433] vc vcs1: hash matches
[   11.301052] rtc_cmos rtc_cmos: setting system clock to 2018-08-29 03:09:52 UTC (1535512192)
[   11.411569] BIOS EDD facility v0.16 2004-Jun-25, 0 devices found
[   11.412516] EDD information not available.
[   11.414478] Freeing unused kernel memory: 1516K
[   11.441934] Write protecting the kernel read-only data: 14336k
[   11.450605] Freeing unused kernel memory: 1672K
[   11.501138] Freeing unused kernel memory: 92K
Loading, please wait...
starting version[   11.522387] random: systemd-udevd: uninitialized urandom read (16 bytes read, 3 bits of entropy available)
 229
[   11.523097] random: udevadm: uninitialized urandom read (16 bytes read, 3 bits of entropy available)
[   11.523119] random: udevadm: uninitialized urandom read (16 bytes read, 3 bits of entropy available)
[   11.533638] random: udevadm: uninitialized urandom read (16 bytes read, 3 bits of entropy available)
[   11.533722] random: udevadm: uninitialized urandom read (16 bytes read, 3 bits of entropy available)
[   11.534032] random: udevadm: uninitialized urandom read (16 bytes read, 3 bits of entropy available)
[   11.534115] random: udevadm: uninitialized urandom read (16 bytes read, 3 bits of entropy available)
[   11.534179] random: udevadm: uninitialized urandom read (16 bytes read, 3 bits of entropy available)
[   11.534269] random: udevadm: uninitialized urandom read (16 bytes read, 3 bits of entropy available)
[   11.534329] random: udevadm: uninitialized urandom read (16 bytes read, 3 bits of entropy available)
[   12.306309] e1000: Intel(R) PRO/1000 Network Driver - version 7.3.21-k8-NAPI
[   12.353394] e1000: Copyright (c) 1999-2006 Intel Corporation.
[   12.383656] Fusion MPT base driver 3.04.20
[   12.392636] Copyright (c) 1999-2008 LSI Corporation
[   12.404022] AVX version of gcm_enc/dec engaged.
[   12.614176] AES CTR mode by8 optimization enabled
[   12.623486] input: ImExPS/2 Generic Explorer Mouse as /devices/platform/i8042/serio1/input/input4
[   12.639952] Fusion MPT SPI Host driver 3.04.20
[   12.945796] e1000 0000:00:03.0 eth0: (PCI:33MHz:32-bit) 02:93:23:4d:82:b3
[   13.023305] e1000 0000:00:03.0 eth0: Intel(R) PRO/1000 Network Connection
[   13.025200] mptbase: ioc0: Initiating bringup
[   13.026599] e1000 0000:00:03.0 enp0s3: renamed from eth0
[   13.086333] ioc0: LSI53C1030 A0: Capabilities={Initiator}
[   13.394595] scsi host2: ioc0: LSI53C1030 A0, FwRev=00000000h, Ports=1, MaxQ=256, IRQ=20
[   13.922864] scsi 2:0:0:0: Direct-Access     VBOX     HARDDISK         1.0  PQ: 0 ANSI: 5
[   13.954506] scsi target2:0:0: Beginning Domain Validation
[   13.970919] scsi target2:0:0: Domain Validation skipping write tests
[   13.974642] scsi target2:0:0: Ending Domain Validation
[   13.975542] scsi target2:0:0: asynchronous
[   13.987512] scsi 2:0:1:0: Direct-Access     VBOX     HARDDISK         1.0  PQ: 0 ANSI: 5
[   14.002619] scsi target2:0:1: Beginning Domain Validation
[   14.004164] scsi target2:0:1: Domain Validation skipping write tests
[   15.250182] scsi target2:0:1: Ending Domain Validation
[   15.397077] scsi target2:0:1: asynchronous
[   15.493455] sd 2:0:0:0: [sda] 20971520 512-byte logical blocks: (10.7 GB/10.0 GiB)
[   15.520646] sd 2:0:0:0: [sda] Write Protect is off
[   15.520679] sd 2:0:0:0: Attached scsi generic sg0 type 0
[   15.603565] sd 2:0:1:0: Attached scsi generic sg1 type 0
[   15.603911] sd 2:0:1:0: [sdb] 20480 512-byte logical blocks: (10.5 MB/10.0 MiB)
[   15.604175] sd 2:0:1:0: [sdb] Write Protect is off
[   15.604317] sd 2:0:1:0: [sdb] Incomplete mode parameter data
[   15.604319] sd 2:0:1:0: [sdb] Assuming drive cache: write through
[   15.611198] sd 2:0:0:0: [sda] Incomplete mode parameter data
[   15.645188] sd 2:0:1:0: [sdb] Attached SCSI disk
[   15.691705] sd 2:0:0:0: [sda] Assuming drive cache: write through
[   15.715202]  sda: sda1
[   15.882111] sd 2:0:0:0: [sda] Attached SCSI disk
Begin: Loading e[   17.540255] md: linear personality registered for level -1
ssential drivers ... [   17.684165] md: multipath personality registered for level -4
[   17.703216] md: raid0 personality registered for level 0
[   18.203945] md: raid1 personality registered for level 1
[   18.453710] raid6: sse2x1   gen()  8587 MB/s
[   18.525711] raid6: sse2x1   xor()  6939 MB/s
[   18.597712] raid6: sse2x2   gen() 10487 MB/s
[   18.669715] raid6: sse2x2   xor()  7388 MB/s
[   18.743759] raid6: sse2x4   gen() 12644 MB/s
[   18.837715] raid6: sse2x4   xor()  8885 MB/s
[   18.843763] raid6: using algorithm sse2x4 gen() 12644 MB/s
[   18.844644] raid6: .... xor() 8885 MB/s, rmw enabled
[   18.846805] raid6: using ssse3x2 recovery algorithm
[   18.849940] xor: automatically using best checksumming function:
[   19.101897]    avx       : 45711.000 MB/sec
[   19.282569] async_tx: api initialized (async)
[   19.300303] md: raid6 personality registered for level 6
[   19.312383] md: raid5 personality registered for level 5
[   19.324367] md: raid4 personality registered for level 4
[   19.336321] md: raid10 personality registered for level 10
done.
Begin: Running /scripts/init-premount ... done.
Begin: Mounting root file system ... Begin: Ru[   19.374740] Btrfs loaded
nning /scripts/local-top ... done.
Begin: Running /scripts/local-premount ... Scanning for Btrfs filesystems
done.
Warning: fsck not present, so skipping root file system
[   19.513430] EXT4-fs (sda1): mounted filesystem with ordered data mode. Opts: (null)
done.
Begin: Running /scripts/local-bottom ... done.
Begin: Running /scripts/init-bottom ... done.
[   20.188000] systemd[1]: systemd 229 running in system mode. (+PAM +AUDIT +SELINUX +IMA +APPARMOR +SMACK +SYSVINIT +UTMP +LIBCRYPTSETUP +GCRYPT +GNUTLS +ACL +XZ -LZ4 +SECCOMP +BLKID +ELFUTILS +KMOD -IDN)
[   20.392570] systemd[1]: Detected virtualization oracle.
[   20.393395] systemd[1]: Detected architecture x86-64.

Welcome to [1mUbuntu 16.04.5 LTS[0m!

[   20.499141] systemd[1]: Set hostname to <ubuntu>.
[   20.917984] systemd[1]: Initializing machine ID from random generator.
[   21.270576] systemd[1]: Installed transient /etc/machine-id file.
[   21.688039] random: nonblocking pool is initialized
[   23.113870] systemd[1]: Listening on Device-mapper event daemon FIFOs.
[[0;32m  OK  [0m] Listening on Device-mapper event daemon FIFOs.
[   23.153927] systemd[1]: Listening on LVM2 metadata daemon socket.
[[0;32m  OK  [0m] Listening on LVM2 metadata daemon socket.
[   23.162470] systemd[1]: Listening on udev Kernel Socket.
[[0;32m  OK  [0m] Listening on udev Kernel Socket.
[   23.168587] systemd[1]: Listening on udev Control Socket.
[[0;32m  OK  [0m] Listening on udev Control Socket.
[   23.171655] systemd[1]: Started Forward Password Requests to Wall Directory Watch.
[[0;32m  OK  [0m] Started Forward Password Requests to Wall Directory Watch.
[   23.176351] systemd[1]: Listening on Journal Socket.
[[0;32m  OK  [0m] Listening on Journal Socket.
[   23.180143] systemd[1]: Listening on /dev/initctl Compatibility Named Pipe.
[[0;32m  OK  [0m] Listening on /dev/initctl Compatibility Named Pipe.
[   23.184043] systemd[1]: Reached target User and Group Name Lookups.
[[0;32m  OK  [0m] Reached target User and Group Name Lookups.
[   23.186366] systemd[1]: Listening on Journal Socket (/dev/log).
[[0;32m  OK  [0m] Listening on Journal Socket (/dev/log).
[   23.188689] systemd[1]: Created slice User and Session Slice.
[[0;32m  OK  [0m] Created slice User and Session Slice.
[   23.190682] systemd[1]: Reached target System Time Synchronized.
[[0;32m  OK  [0m] Reached target System Time Synchronized.
[   23.192931] systemd[1]: Reached target Swap.
[[0;32m  OK  [0m] Reached target Swap.
[   23.194767] systemd[1]: Listening on LVM2 poll daemon socket.
[[0;32m  OK  [0m] Listening on LVM2 poll daemon socket.
[   23.197028] systemd[1]: Listening on Journal Audit Socket.
[[0;32m  OK  [0m] Listening on Journal Audit Socket.
[   23.199475] systemd[1]: Created slice System Slice.
[[0;32m  OK  [0m] Created slice System Slice.
[   23.213840] systemd[1]: Mounting POSIX Message Queue File System...
         Mounting POSIX Message Queue File System...
[   23.237027] systemd[1]: Starting Set console keymap...
         Starting Set console keymap...
[   23.498481] systemd[1]: Reached target Slices.
[[0;32m  OK  [0m] Reached target Slices.
[   23.554083] systemd[1]: Mounting Debug File System...
         Mounting Debug File System...
[   23.570528] systemd[1]: Starting Monitoring of LVM2 mirrors, snapshots etc. using dmeventd or progress polling...
         Starting Monitoring of LVM2 mirrors... dmeventd or progress polling...
[   23.643505] systemd[1]: Starting Nameserver information manager...
         Starting Nameserver information manager...
[   24.174301] systemd[1]: Starting Uncomplicated firewall...
         Starting Uncomplicated firewall...
[   24.226802] systemd[1]: Starting Create list of required static device nodes for the current kernel...
         Starting Create list of required st... nodes for the current kernel...
[   24.242790] systemd[1]: Set up automount Arbitrary Executable File Formats File System Automount Point.
[[0;32m  OK  [0m] Set up automount Arbitrary Executab...ats File System Automount Point.
[   24.278113] systemd[1]: Starting Remount Root and Kernel File Systems...
[   24.362320] EXT4-fs (sda1): re-mounted. Opts: (null)
         Starting Remount Root and Kernel File Systems...
[   24.536360] systemd[1]: Mounting Huge Pages File System...
         Mounting Huge Pages File System...
[   24.545951] systemd[1]: Started Trigger resolvconf update for networkd DNS.
[[0;32m  OK  [0m] Started Trigger resolvconf update for networkd DNS.
[   24.562049] systemd[1]: Listening on Syslog Socket.
[[0;32m  OK  [0m] Listening on Syslog Socket.
[   24.590079] systemd[1]: Starting Journal Service...
         Starting Journal Service...
[   24.599911] systemd[1]: Reached target Encrypted Volumes.
[[0;32m  OK  [0m] Reached target Encrypted Volumes.
[   24.615178] systemd[1]: Created slice system-serial\x2dgetty.slice.
[[0;32m  OK  [0m] Created slice system-serial\x2dgetty.slice.
[   24.714000] systemd[1]: Starting Load Kernel Modules...
[   24.950288] Loading iSCSI transport class v2-8.          Starting Load Kernel Modules...
[   25.230223] iscsi: registered transport (tcp)
[   25.315244] systemd[1]: Mounted POSIX Message Queue File System.
[[0;32m  OK  [0m] Mounted POSIX Message Queue File System.
[   25.318940] systemd[1]: Mounted Debug File System.
[[0;32m  OK  [0m] Mounted Debug File System.
[   25.321046] systemd[1]: Mounted Huge Pages File System.
[[0;32m  OK  [0m] Mounted Huge Pages File System.
[   25.323526] systemd[1]: Started Journal Service.
[[0;32m  OK  [0m] Started Journal Service.
[[0;32m  OK  [0m] Started Set console keymap.
[   25.351642] iscsi: registered transport (iser)
[[0;32m  OK  [0m] Started Uncomplicated firewall.
[[0;32m  OK  [0m] Started Create list of required sta...ce nodes for the current kernel.
[[0;32m  OK  [0m] Started Remount Root and Kernel File Systems.
[[0;32m  OK  [0m] Started Load Kernel Modules.
[[0;32m  OK  [0m] Started Nameserver information manager.
[[0;32m  OK  [0m] Started LVM2 metadata daemon.
         Starting Apply Kernel Variables...
         Mounting FUSE Control File System...
         Starting udev Coldplug all Devices...
         Starting Load/Save Random Seed...
         Starting Create Static Device Nodes in /dev...
         Starting Flush Journal to Persistent Storage...
[[0;32m  OK  [0m] Mounted FUSE Control File System.
[[0;32m  OK  [0m] Started Monitoring of LVM2 mirrors,...ng dmeventd or progress polling.
[[0;32m  OK  [0m] Started Apply Kernel Variables.
[[0;32m  OK  [0m] Started Load/Save Random Seed.
[[0;32m  OK  [0m] Started Create Static Device Nodes in /dev.
[[0;32m  OK  [0m] Started udev Coldplug all Devices.
         Starting udev Kernel Device Manager...
[[0;32m  OK  [0m] Started Flush Journal to Persistent Storage.
[[0;32m  OK  [0m] Started udev Kernel Device Manager.
[[0;32m  OK  [0m] Started Dispatch Password Requests to Console Directory Watch.
[[0;32m  OK  [0m] Reached target Local File Systems (Pre).
[[0;32m  OK  [0m] Reached target Local File Systems.
         Starting Create Volatile Files and Directories...
         Starting Commit a transient machine-id on disk...
         Starting Set console font and keymap...
         Starting Tell Plymouth To Write Out Runtime Data...
         Starting LSB: AppArmor initialization...
         Starting Initial cloud-init job (pre-networking)...
[[0;32m  OK  [0m] Started Create Volatile Files and Directories.
[[0;32m  OK  [0m] Started Commit a transient machine-id on disk.
[[0;32m  OK  [0m] Started Tell Plymouth To Write Out Runtime Data.
[[0;32m  OK  [0m] Found device /dev/ttyS0.
         Starting Update UTMP about System Boot/Shutdown...
[[0;32m  OK  [0m] Listening on Load/Save RF Kill Switch Status /dev/rfkill Watch.
[[0;32m  OK  [0m] Started Update UTMP about System Boot/Shutdown.
[[0;32m  OK  [0m] Started LSB: AppArmor initialization.
[[0;32m  OK  [0m] Started Set console font and keymap.
[[0;32m  OK  [0m] Created slice system-getty.slice.
[   32.010536] cloud-init[495]: Cloud-init v. 18.3-9-g2e62cb8a-0ubuntu1~16.04.2 running 'init-local' at Wed, 29 Aug 2018 03:10:16 +0000. Up 31.31 seconds.
[[0;32m  OK  [0m] Started Initial cloud-init job (pre-networking).
[[0;32m  OK  [0m] RRached target Network (Pre).
         Starting Raise network interfaces...
[[0;32m  OK  [0m] Started Raise network interfaces.
[[0;32m  OK  [0m] Reached target Network.
         Starting Initial cloud-init job (metadata service crawler)...
[   35.375163] cloud-init[936]: Cloud-init v. 18.3-9-g2e62cb8a-0ubuntu1~16.04.2 running 'init' at Wed, 29 Aug 2018 03:10:17 +0000. Up 33.05 seconds.
[   35.488797] cloud-init[936]: ci-info: ++++++++++++++++++++++++++++++++++++++Net device info++++++++++++++++++++++++++++++++++++++
[[0;32m  OK  [0m] Started Initial cloud-init job (metadata service crawler).
[   35.547572] cloud-init[936]: ci-info: +--------+------+----------------------------+---------------+--------+-------------------+
[   35.552389] cloud-init[936]: ci-info: | Device |  Up  |          Address           |      Mask     | Scope  |     Hw-Address    |
[   35.552615] cloud-init[936]: ci-info: +--------+------+----------------------------+---------------+--------+-------------------+
[   35.552851] cloud-init[936]: ci-info: | enp0s3 | True |         10.0.2.15          | 255.255.255.0 | global | 02:93:23:4d:82:b3 |
[   35.553100] cloud-init[936]: ci-info: | enp0s3 | True | fe80::93:23ff:fe4d:82b3/64 |       .       |  link  | 02:93:23:4d:82:b3 |
[   35.553352] cloud-init[936]: ci-info: |   lo   | True |         127.0.0.1          |   255.0.0.0   |  host  |         .         |
[   35.553581] cloud-init[936]: ci-info: |   lo   | True |          ::1/128           |       .       |  host  |         .         |
[   35.553819] cloud-init[936]: ci-info: +--------+------+----------------------------+---------------+--------+-------------------+
[   35.554058] cloud-init[936]: ci-info: +++++++++++++++++++++++++++Route IPv4 info++++++++++++++++++++++++++++
[   35.554305] cloud-init[936]: ci-info: +-------+-------------+----------+---------------+-----------+-------+
[   35.554531] cloud-init[936]: ci-info: | Route | Destination | Gateway  |    Genmask    | Interface | Flags |
[   35.554757] cloud-init[936]: ci-info: +-------+-------------+----------+---------------+-----------+-------+
[   35.554821] cloud-init[936]: ci-info: |   0   |   0.0.0.0   | 10.0.2.2 |    0.0.0.0    |   enp0s3  |   UG  |
[   35.554922] cloud-init[936]: ci-info: |   1   |   10.0.2.0  | 0.0.0.0  | 255.255.255.0 |   enp0s3  |   U   |
[   35.555038] cloud-init[936]: ci-info: +-------+-------------+----------+---------------+-----------+-------+
[   35.555110] cloud-init[936]: ci-info: +++++++++++++++++++Route IPv6 info+++++++++++++++++++
[   35.555170] cloud-init[936]: ci-info: +-------+-------------+---------+-----------+-------+
[   35.555233] cloud-init[936]: ci-info: | Route | Destination | Gateway | Interface | Flags |
[   35.555333] cloud-init[936]: ci-info: +-------+-------------+---------+-----------+-------+
[   35.555439] cloud-init[936]: ci-info: |   0   |  fe80::/64  |    ::   |   enp0s3  |   U   |
[   35.555552] cloud-init[936]: ci-info: |   3   |   ff00::/8  |    ::   |   enp0s3  |   U   |
[   35.555667] cloud-init[936]: ci-info: +-------+-------------+---------+-----------+-------+
[   35.555819] cloud-init[936]: Generating public/private rsa key pair.
[   35.555933] cloud-init[936]: Your identification has been saved in /etc/ssh/ssh_host_rsa_key.
[[0;32m  OK  [0m] Reached target Network is Online.
[   35.556174] cloud-init[936]: Your public key has been saved in /etc/ssh/ssh_host_rsa_key.pub.
[   36.376296] cloud-init[936]: The key fingerprint is:
[   36.377498] cloud-init[936]: SHA256:reb4ugm4+VWl5D5P6qjFXFNqUzI0BnbnpDJpgoIcU80 root@ubuntu-xenial
[   36.380584] cloud-init[936]: The key's randomart image is:
[   36.382048] cloud-init[936]: +---[RSA 2048]----+
[   36.383377] cloud-init[936]: | o..o o.= o      |
[   36.384812] cloud-init[936]: |o o. E = *       |
         Starting iSCSI initiator daemon (iscsid)...
[[0;32m  OK  [0m] Reached target System Initialization.
[[0;32m  OK  [0m] Started Daily apt download activities.
[[0;32m  OK  [0m] Started Daily Cleanup of Temporary Directories.
[   36.423312] [[0;32m  OK  [0m] Started Daily apt upgrade and clean activities.
[[0;32m  OK  [0m] Listening on D-Bus System Message Bus Socket.
[[0;32m  OK  [0m] Reached target Timers.
cloud-init[936]: |o.. . = = =      |
[[0;32m  OK  [0m] Started ACPI Events Check.
[[0;32m  OK  [0m] Reached target Paths.
[[0;32m  OK  [0m] Listening on ACPID Listen Socket.
[[0;32m  OK  [0m] Listening on UUID daemon activation socket.
[   36.683932] cloud-init[936]: | .   o = X       |
[   36.691587] cloud-init[936]: |        S .      |
[   36.692711] cloud-init[936]: |   . o = +       |
[   36.693837] cloud-init[936]: |  . . = = .      |
[   36.694957] cloud-init[936]: |   o + * =       |
[   36.696076] cloud-init[936]: |  o.o.*== .      |
[   36.697229] cloud-init[936]: +----[SHA256]-----+
[   36.698332] cloud-init[936]: Generating public/private dsa key pair.
[   36.699700] cloud-init[936]: Your identification has been saved in /etc/ssh/ssh_host_dsa_key.
[   36.701382] cloud-init[936]: Your public key has been saved in /etc/ssh/ssh_host_dsa_key.pub.
[   36.704082]          cloud-initStarting LXD - unix socket.[936]: 
The key fingerprint is:
[   36.706702]          cloud-initStarting Socket activation for snappy daemon.[936]: 
SHA256:xaPcnXWHt+c8usUyT5j3yzkX3kwCBq+cpHXLmcZkhKU root@ubuntu-xenial
[   36.710156] [[0;32m  OK  [0m] Reached target Cloud-config availability.
cloud-init[936]: The key's randomart image is:
[   36.713674] cloud-init[936]: +---[DSA 1024]----+
[   36.716716] cloud-init[936]: |           o.    |
[   36.718063] cloud-init[936]: |         .o..  . |
[   36.720969] [cloud-init[0;32m  OK  [0m[936]: ] |          E+  o +|Listening on LXD - unix socket.

[[0;32m  OK  [0m] Listening on Socket activation for snappy daemon.
[   36.721463] cloud-init[936]: |       . +ooBo oo|
[   36.836992] [cloud-init[0;32m  OK  [0m[936]: ] |        S=.Xo= ..|Started iSCSI initiator daemon (iscsid).

[   36.838599] cloud-init[936]: |        . + B =+o|
[   36.914846] cloud-init[936]: |           . =.X=|
[   36.918285] cloud-init[936]: |              XoB|
[   36.924848] cloud-init[936]: |             o.==|
[   36.928854] cloud-init[936]: +----[SHA256]-----+
[   36.932311]          Starting Login to default iSCSI targets...
[[0;32m  OK  [0m] Reached target Sockets.
[[0;32m  OK  [0m] Reached target Basic System.
         Starting LSB: Record successful boot for GRUB...
         Starting Pollinate to seed the pseudo random number generator...
         Starting System Logging Service...
[[0;32m  OK  [0m] Started Deferred execution scheduler.
cloud-init[936]:          Starting LXD - container startup/shutdown...
Generating public/private ecdsa key pair.
[   36.944578] cloud-init[936]: Your identification has been saved in /etc/ssh/ssh_host_ecdsa_key.
[   36.948153]          Starting /etc/rc.local Compatibility...
cloud-init[936]: Your public key has been saved in /etc/ssh/ssh_host_ecdsa_key.pub.         Starting Accounts Service...
         Starting LSB: MD monitoring daemon...

[[0;32m  OK  [0m] Started D-Bus System Message Bus.
[   36.951109] cloud-init[936]: The key fingerprint is:
[   36.954634] cloud-init[936]: SHA256:STdcx3+IAQt3fX5eR4+x9IdnfhIzr+CxIt9KQKy+olk root@ubuntu-xenial
[   36.956106] cloud-init[936]: The key's randomart image is:
[   36.957245] cloud-init[936]: +---[ECDSA 256]---+
[   36.958281] cloud-init[936]: |        . o.oo.  |
[   36.959314] cloud-init[936]: |       . + +..= o|
[   36.960417] cloud-init[936]: |        + =  + %.|
[   36.961456] cloud-init[936]: |       + o .. O &|
[   36.962456] cloud-init[936]: |      . S      X*|
[   36.963455] cloud-init[936]: |     .   .  o . =|
[   36.964498] cloud-init[936]: |    E .   .. + o.|
[   36.965510] cloud-init[936]: |   o.  .....o .  |
[   36.966530] cloud-init[936]: |  o. ..  ooo.    |
[   36.967531] cloud-init[936]: +----[SHA256]-----+
[   36.968620] cloud-init[936]: Generating public/private ed25519 key pair.
[   36.972748] cloud-init[936]: Your identification has been saved in /etc/ssh/ssh_host_ed25519_key.
[   36.975105] cloud-init[936]: Your public key has been saved in /etc/ssh/ssh_host_ed25519_key.pub.
[   36.976699] cloud-init[936]: The key fingerprint is:
[   36.977810] cloud-init[936]: SHA256:cz96VKGLjUxPxyROtrUIPXL3hQl9+OzW3dALAJBzpvI root@ubuntu-xenial
[   36.979241] cloud-init[936]: The key's randomart image is:
[   36.996338] cloud-init[936]: +--[ED25519 256]--+
[   37.040788] cloud-init[936]: |       .o....o + |
[   37.069238] cloud-init[936]: |       o oo.B X o|
[   37.074490] cloud-init[936]: |        =  B.@ O.|
[   37.077178] cloud-init[936]: |     . .  . *.* =|
[   37.112623] cloud-init[936]: |      o So.* +.o=|
[   37.152324] cloud-init[936]: |       E o+.=  .*|
[   37.170681] cloud-init[936]: |           .o  . |
[   37.208471] cloud-init[936]: |           ...   |
[   37.213431] cloud-init[936]: |          ..     |
[   37.230128] cloud-init[936]: +----[SHA256]-----+
[[0;32m  OK  [0m] Started ACPI event daemon.
[[0;32m  OK  [0m] Started Regular background program processing daemon.
         Starting Virtualbox guest utils...
[[0;32m  OK  [0m] Started FUSE filesystem for LXC.
         Starting Snappy daemon...
         Starting Login Service...
[[0;32m  OK  [0m] Started Unattended Upgrades Shutdown.
[[0;32m  OK  [0m] Started System Logging Service.
[[0;32m  OK  [0m] Started /etc/rc.local Compatibility.
[[0;32m  OK  [0m] Started Login Service.
[[0;32m  OK  [0m] Started Login to default iSCSI targets.
[[0;32m  OK  [0m] Reached target Remote File Systems (Pre).
[[0;32m  OK  [0m] Reached target Remote File Systems.
         Starting LSB: Set the CPU Frequency Scaling governor to "ondemand"...
         Starting Permit User Sessions...
         Starting LSB: daemon to balance interrupts for SMP systems...
         Starting LSB: automatic crash report generation...
[[0;32m  OK  [0m] Started LSB: MD monitoring daemon.
[[0;32m  OK  [0m] Started Permit User Sessions.
[[0;32m  OK  [0m] Started LSB: Record successful boot for GRUB.
[[0;32m  OK  [0m] Started LSB: Set the CPU Frequency Scaling governor to "ondemand".
         Starting Authenticate and Authorize Users to Run Privileged Tasks...
         Starting Hold until boot process finishes up...
         Starting Terminate Plymouth Boot Screen...
[[0;32m  OK  [0m] Started LSB: daemon to balance interrupts for SMP systems.
[[0;32m  OK  [0m] Started Hold until boot process finishes up.
[[0;32m  OK  [0m] Started Terminate Plymouth Boot Screen.
[[0;32m  OK  [0m] Started Getty on tty1.
[[0;32m  OK  [0m] Started Serial Getty on ttyS0.
[[0;32m  OK  [0m] Reached target Login Prompts.
         Starting Set console scheme...
[[0;32m  OK  [0m] Started LSB: automatic crash report generation.
[[0;32m  OK  [0m] Started Set console scheme.
[[0;32m  OK  [0m] Started Authenticate and Authorize Users to Run Privileged Tasks.
[[0;32m  OK  [0m] Started Accounts Service.
[[0;32m  OK  [0m] Started Virtualbox guest utils.
[[0;32m  OK  [0m] Started LXD - container startup/shutdown.
[[0;32m  OK  [0m] Started Snappy daemon.
         Starting Wait until snapd is fully seeded...
[[0;32m  OK  [0m] Started Pollinate to seed the pseudo random number generator.
         Starting OpenBSD Secure Shell server...
[[0;32m  OK  [0m] Started OpenBSD Secure Shell server.
[[0;32m  OK  [0m] Created slice User Slice of vagrant.
         Starting User Manager for UID 1000...
[[0;32m  OK  [0m] Started Session 1 of user vagrant.
[[0;32m  OK  [0m] Started User Manager for UID 1000.
[[0;32m  OK  [0m] Started Wait until snapd is fully seeded.
         Starting Apply the settings specified in cloud-config...
[[0;32m  OK  [0m] Reached target Multi-User System.
[[0;32m  OK  [0m] Reached target Graphical Interface.
         Starting Update UTMP about System Runlevel Changes...
[[0;32m  OK  [0m] Started Update UTMP about System Runlevel Changes.
[   44.303349] cloud-init[1355]: Generating locales (this might take a while)...
[   45.387839] cloud-init[1355]:   en_US.UTF-8... done
[   45.390278] cloud-init[1355]: Generation complete.

Ubuntu 16.04.5 LTS ubuntu-xenial ttyS0

ubuntu-xenial login: [   47.006787] cloud-init[1355]: Cloud-init v. 18.3-9-g2e62cb8a-0ubuntu1~16.04.2 running 'modules:config' at Wed, 29 Aug 2018 03:10:28 +0000. Up 43.99 seconds.
ci-info: no authorized ssh keys fingerprints found for user ubuntu.
<14>Aug 29 03:10:32 ec2: 
<14>Aug 29 03:10:32 ec2: #############################################################
<14>Aug 29 03:10:32 ec2: -----BEGIN SSH HOST KEY FINGERPRINTS-----
<14>Aug 29 03:10:32 ec2: 1024 SHA256:xaPcnXWHt+c8usUyT5j3yzkX3kwCBq+cpHXLmcZkhKU root@ubuntu-xenial (DSA)
<14>Aug 29 03:10:32 ec2: 256 SHA256:STdcx3+IAQt3fX5eR4+x9IdnfhIzr+CxIt9KQKy+olk root@ubuntu-xenial (ECDSA)
<14>Aug 29 03:10:32 ec2: 256 SHA256:cz96VKGLjUxPxyROtrUIPXL3hQl9+OzW3dALAJBzpvI root@ubuntu-xenial (ED25519)
<14>Aug 29 03:10:32 ec2: 2048 SHA256:reb4ugm4+VWl5D5P6qjFXFNqUzI0BnbnpDJpgoIcU80 root@ubuntu-xenial (RSA)
<14>Aug 29 03:10:32 ec2: -----END SSH HOST KEY FINGERPRINTS-----
<14>Aug 29 03:10:32 ec2: #############################################################
-----BEGIN SSH HOST KEY KEYS-----
ecdsa-sha2-nistp256 AAAAE2VjZHNhLXNoYTItbmlzdHAyNTYAAAAIbmlzdHAyNTYAAABBBKaQj+F3TAauXaOEzQtcY7rkwjgJa/Z7ahxRSie8N450UG5cUvS6UAdo8UbRhpw7K+lzmDwCuuaWKp00OLQ0iXY= root@ubuntu-xenial
ssh-ed25519 AAAAC3NzaC1lZDI1NTE5AAAAIEfAGiHewHV5Lfc6e5B2tp1BBU79mgvDaubo23guJ5xH root@ubuntu-xenial
ssh-rsa AAAAB3NzaC1yc2EAAAADAQABAAABAQDk1poInThDk9LAYQ25XT17JozEXZkqVDJumVWMI0CovOsaUhsHSDh4D+xONt7L1qcMkb80UNoH5u1eI+vK/I7+YWuUlSylniwrSLooWXF/xfXJ+2emIbQ4YKQcGU2nd3J1JMiFks6L+UKyFAgEWzZ4Fpnie6Q3avXdgRb5A6DzjCjXjSYWQn6nOwXC5sSbJQSM9fJIyLqzNpZMrEjQBq8iS4/9XzhGFoxcehczbh48UfQduC8tvX8SGlo2GlEUUacvm70lktfO2hZHT8A1Dpf2PpOAc9oE0AzNeax+arygkYPj4cuGIR7vSyv6QEuLMYbIrtUFTl3PqeZk5mpcWP3v root@ubuntu-xenial
-----END SSH HOST KEY KEYS-----
[   47.615754] cloud-init[1548]: Cloud-init v. 18.3-9-g2e62cb8a-0ubuntu1~16.04.2 running 'modules:final' at Wed, 29 Aug 2018 03:10:32 +0000. Up 47.33 seconds.
[   47.615965] cloud-init[1548]: ci-info: no authorized ssh keys fingerprints found for user ubuntu.
[   47.616113] cloud-init[1548]: Cloud-init v. 18.3-9-g2e62cb8a-0ubuntu1~16.04.2 finished at Wed, 29 Aug 2018 03:10:32 +0000. Datasource DataSourceNoCloud [seed=/dev/sdb][dsmode=net].  Up 47.60 seconds
         Stopping Session 5 of user v          Stopping LSB: MD monitoring daemon...
         Stopping LSB: automatic crash report generation...
         Stopping ACPI event daemon...
         Stopping Accounts Service...
[[0;32m  OK  [0m] Unmounted /var/lib/lxcfs.
[[0;32m  OK  [0m] Stopped System Logging Service.
[[0;32m  OK  [0m] Stopped Deferred execution scheduler.
[[0;32m  OK  [0m] Stopped Accounts Service.
[[0;32m  OK  [0m] Stopped ACPI event daemon.
[[0;32m  OK  [0m] Stopped Regular background program processing daemon.
[[0;32m  OK  [0m] Stopped Snappy daemon.
[[0;32m  OK  [0m] Stopped Authenticate and Authorize Users to Run Privileged Tasks.
[[0;32m  OK  [0m] Stopped Getty on tty1.
[[0;32m  OK  [0m] Stopped Serial Getty on ttyS0.
[[0;32m  OK  [0m] Stopped OpenBSD Secure Shell server.
[[0;32m  OK  [0m] Stopped User Manager for UID 1000.
[[0;32m  OK  [0m] Stopped Unattended Upgrades Shutdown.
[[0;32m  OK  [0m] Stopped Session 5 of user vagrant.
[[0;32m  OK  [0m] Stopped D-Bus System Message Bus.
[[0;32m  OK  [0m] Stopped FUSE filesystem for LXC.
[[0;32m  OK  [0m] Stopped Virtualbox guest utils.
[[0;32m  OK  [0m] Stopped LSB: daemon to balance interrupts for SMP systems.
[[0;32m  OK  [0m] Stopped LSB: Record successful boot for GRUB.
[[0;32m  OK  [0m] Stopped LSB: MD monitoring daemon.
[[0;32m  OK  [0m] Stopped LSB: Set the CPU Frequency Scaling governor to "ondemand".
[[0;32m  OK  [0m] Stopped LXD - container startup/shutdown.
[[0;32m  OK  [0m] Stopped LSB: automatic crash report generation.
[[0;32m  OK  [0m] Removed slice User Slice of vagrant.
         Stopping Login Service...
[[0;32m  OK  [0m] Removed slice system-serial\x2dgetty.slice.
[[0;32m  OK  [0m] Removed slice system-getty.slice.
[[0;32m  OK  [0m] Stopped /etc/rc.local Compatibility.
         Stopping Permit User Sessions...
[[0;32m  OK  [0m] Stopped Permit User Sessions.
[[0;32m  OK  [0m] Stopped target Remote File Systems.
[[0;32m  OK  [0m] Stopped target Remote File Systems (Pre).
         Stopping Login to default iSCSI targets...
[[0;32m  OK  [0m] Stopped Login Service.
[[0;32m  OK  [0m] Stopped target User and Group Name Lookups.
[[0;32m  OK  [0m] Stopped target Basic System.
[[0;32m  OK  [0m] Stopped target Paths.
[[0;32m  OK  [0m] Stopped Dispatch Password Requests to Console Directory Watch.
[[0;32m  OK  [0m] Stopped ACPI Events Check.
[[0;32m  OK  [0m] Stopped Forward Password Requests to Wall Directory Watch.
[[0;32m  OK  [0m] Stopped target Sockets.
[[0;32m  OK  [0m] Closed Syslog Socket.
[[0;32m  OK  [0m] Closed Socket activation for snappy daemon.
[[0;32m  OK  [0m] Closed ACPID Listen Socket.
[[0;32m  OK  [0m] Closed UUID daemon activation socket.
[[0;32m  OK  [0m] Closed LXD - unix socket.
[[0;32m  OK  [0m] Stopped target Slices.
[[0;32m  OK  [0m] Removed slice User and Session Slice.
[[0;32m  OK  [0m] Closed D-Bus System Message Bus Socket.
[[0;32m  OK  [0m] Stopped target System Initialization.
[[0;32m  OK  [0m] Stopped Commit a transient machine-id on disk.
[[0;32m  OK  [0m] Stopped target Encrypted Volumes.
[[0;32m  OK  [0m] Stopped Create Volatile Files and Directories.
         Stopping Load/Save Random Seed...
[[0;32m  OK  [0m] Stopped target Swap.
[[0;32m  OK  [0m] Stopped Load/Save Random Seed.
[[0;32m  OK  [0m] Stopped Login to default iSCSI targets.
         Stopping iSCSI initiator daemon (iscsid)...
[[0;32m  OK  [0m] Stopped iSCSI initiator daemon (iscsid).
[[0;32m  OK  [0m] Stopped target Network is Online.
[[0;32m  OK  [0m] Stopped Initial cloud-init job (metadata service crawler).
[[0;32m  OK  [0m] Stopped target Network.
         Stopping Raise network interfaces...
[[0;32m  OK  [0m] Stopped Raise network interfaces.
[[0;32m  OK  [0m] Stopped Apply Kernel Variables.
[[0;32m  OK  [0m] Stopped Load Kernel Modules.
[[0;32m  OK  [0m] Stopped target Network (Pre).
[[0;32m  OK  [0m] Stopped Initial cloud-init job  pre-networking).
[[0;32m  OK  [0m] Stopped target Local File Systems.
         Unmounting /run/user/1000...
         Unmounting /vagrant...
[[0;32m  OK  [0m] Unmounted /run/user/1000.
[[0;32m  OK  [0m] Unmounted /vagrant.
[[0;32m  OK  [0m] Reached target Unmount All Filesystems.
[[0;32m  OK  [0m] Stopped target Local File Systems (Pre).
[[0;32m  OK  [0m] Stopped Create Static Device Nodes in /dev.
         Stopping Monitoring of LVM2 mirrors... dmeventd or progress polling...
[[0;32m  OK  [0m] Stopped Remount Root and Kernel File Systems.
[[0;32m  OK  [0m] Reached target Shutdown.
[  913.776074] reboot: Power down
